May 12 18:02:12 ip-172-31-22-70 kernel: Command line: BOOT_IMAGE=(hd0,gpt1)/boot/vmlinuz-6.1.132-147.221.amzn2023.x86_64 root=UUID=b1e84820-06b0-4d3b-9b5d-edd836bd5895 ro console=tty0 console=ttyS0,115200n8 nvme_core.io_timeout=4294967295 rd.emergency=poweroff rd.shell=0 selinux=1 security=selinux quiet
May 12 18:02:12 ip-172-31-22-70 kernel: KASLR enabled
May 12 18:02:12 ip-172-31-22-70 kernel: BIOS-provided physical RAM map:
May 12 18:02:12 ip-172-31-22-70 kernel: BIOS-e820: [mem 0x0000000000000000-0x000000000009ffff] usable
May 12 18:02:12 ip-172-31-22-70 kernel: BIOS-e820: [mem 0x0000000000100000-0x00000000390cdfff] usable
May 12 18:02:12 ip-172-31-22-70 kernel: BIOS-e820: [mem 0x00000000390ce000-0x000000003934dfff] reserved
May 12 18:02:12 ip-172-31-22-70 kernel: BIOS-e820: [mem 0x000000003934e000-0x000000003935dfff] ACPI data
May 12 18:02:12 ip-172-31-22-70 kernel: BIOS-e820: [mem 0x000000003935e000-0x00000000393ddfff] ACPI NVS
May 12 18:02:12 ip-172-31-22-70 kernel: BIOS-e820: [mem 0x00000000393de000-0x000000003d37bfff] usable
May 12 18:02:12 ip-172-31-22-70 kernel: BIOS-e820: [mem 0x000000003d37c000-0x000000003d3fffff] reserved
May 12 18:02:12 ip-172-31-22-70 kernel: NX (Execute Disable) protection: active
May 12 18:02:12 ip-172-31-22-70 kernel: extended physical RAM map:
May 12 18:02:12 ip-172-31-22-70 kernel: reserve setup_data: [mem 0x0000000000000000-0x000000000009ffff] usable
May 12 18:02:12 ip-172-31-22-70 kernel: reserve setup_data: [mem 0x0000000000100000-0x00000000372be017] usable
May 12 18:02:12 ip-172-31-22-70 kernel: reserve setup_data: [mem 0x00000000372be018-0x00000000372c6e57] usable
May 12 18:02:12 ip-172-31-22-70 kernel: reserve setup_data: [mem 0x00000000372c6e58-0x00000000390cdfff] usable
May 12 18:02:12 ip-172-31-22-70 kernel: reserve setup_data: [mem 0x00000000390ce000-0x000000003934dfff] reserved
May 12 18:02:12 ip-172-31-22-70 kernel: reserve setup_data: [mem 0x000000003934e000-0x000000003935dfff] ACPI data
May 12 18:02:12 ip-172-31-22-70 kernel: reserve setup_data: [mem 0x000000003935e000-0x00000000393ddfff] ACPI NVS
May 12 18:02:12 ip-172-31-22-70 kernel: reserve setup_data: [mem 0x00000000393de000-0x000000003d37bfff] usable
May 12 18:02:12 ip-172-31-22-70 kernel: reserve setup_data: [mem 0x000000003d37c000-0x000000003d3fffff] reserved
May 12 18:02:12 ip-172-31-22-70 kernel: efi: EFI v2.70 by EDK II
May 12 18:02:12 ip-172-31-22-70 kernel: efi: SMBIOS=0x3926a000 ACPI=0x3935d000 ACPI 2.0=0x3935d014 MEMATTR=0x37a3ca98 
May 12 18:02:12 ip-172-31-22-70 kernel: SMBIOS 2.7 present.
May 12 18:02:12 ip-172-31-22-70 kernel: DMI: Amazon EC2 t3.micro/, BIOS 1.0 10/16/2017
May 12 18:02:12 ip-172-31-22-70 kernel: Hypervisor detected: KVM
May 12 18:02:12 ip-172-31-22-70 kernel: kvm-clock: Using msrs 4b564d01 and 4b564d00
May 12 18:02:12 ip-172-31-22-70 kernel: kvm-clock: using sched offset of 1773687529 cycles
May 12 18:02:12 ip-172-31-22-70 kernel: clocksource: kvm-clock: mask: 0xffffffffffffffff max_cycles: 0x1cd42e4dffb, max_idle_ns: 881590591483 ns
May 12 18:02:12 ip-172-31-22-70 kernel: tsc: Detected 2499.998 MHz processor
May 12 18:02:12 ip-172-31-22-70 kernel: last_pfn = 0x3d37c max_arch_pfn = 0x400000000
May 12 18:02:12 ip-172-31-22-70 kernel: x86/PAT: Configuration [0-7]: WB  WC  UC- UC  WB  WP  UC- WT  
May 12 18:02:12 ip-172-31-22-70 kernel: Using GB pages for direct mapping
May 12 18:02:12 ip-172-31-22-70 kernel: Secure boot disabled
May 12 18:02:12 ip-172-31-22-70 kernel: RAMDISK: [mem 0x330f5000-0x3409bfff]
May 12 18:02:12 ip-172-31-22-70 kernel: ACPI: Early table checksum verification disabled
May 12 18:02:12 ip-172-31-22-70 kernel: ACPI: RSDP 0x000000003935D014 000024 (v02 AMAZON)
May 12 18:02:12 ip-172-31-22-70 kernel: ACPI: XSDT 0x000000003935C0E8 00006C (v01 AMAZON AMZNFACP 00000001      01000013)
May 12 18:02:12 ip-172-31-22-70 kernel: ACPI: FACP 0x0000000039355000 000114 (v01 AMAZON AMZNFACP 00000001 AMZN 00000001)
May 12 18:02:12 ip-172-31-22-70 kernel: ACPI: DSDT 0x0000000039356000 00115A (v01 AMAZON AMZNDSDT 00000001 AMZN 00000001)
May 12 18:02:12 ip-172-31-22-70 kernel: ACPI: FACS 0x00000000393D0000 000040
May 12 18:02:12 ip-172-31-22-70 kernel: ACPI: WAET 0x000000003935B000 000028 (v01 AMAZON AMZNWAET 00000001 AMZN 00000001)
May 12 18:02:12 ip-172-31-22-70 kernel: ACPI: SLIT 0x000000003935A000 00006C (v01 AMAZON AMZNSLIT 00000001 AMZN 00000001)
May 12 18:02:12 ip-172-31-22-70 kernel: ACPI: APIC 0x0000000039359000 000076 (v01 AMAZON AMZNAPIC 00000001 AMZN 00000001)
May 12 18:02:12 ip-172-31-22-70 kernel: ACPI: SRAT 0x0000000039358000 0000A0 (v01 AMAZON AMZNSRAT 00000001 AMZN 00000001)
May 12 18:02:12 ip-172-31-22-70 kernel: ACPI: HPET 0x0000000039354000 000038 (v01 AMAZON AMZNHPET 00000001 AMZN 00000001)
May 12 18:02:12 ip-172-31-22-70 kernel: ACPI: SSDT 0x0000000039353000 000759 (v01 AMAZON AMZNSSDT 00000001 AMZN 00000001)
May 12 18:02:12 ip-172-31-22-70 kernel: ACPI: SSDT 0x0000000039352000 00007F (v01 AMAZON AMZNSSDT 00000001 AMZN 00000001)
May 12 18:02:12 ip-172-31-22-70 kernel: ACPI: BGRT 0x0000000039351000 000038 (v01 AMAZON AMAZON   00000002      01000013)
May 12 18:02:12 ip-172-31-22-70 kernel: ACPI: Reserving FACP table memory at [mem 0x39355000-0x39355113]
May 12 18:02:12 ip-172-31-22-70 kernel: ACPI: Reserving DSDT table memory at [mem 0x39356000-0x39357159]
May 12 18:02:12 ip-172-31-22-70 kernel: ACPI: Reserving FACS table memory at [mem 0x393d0000-0x393d003f]
May 12 18:02:12 ip-172-31-22-70 kernel: ACPI: Reserving WAET table memory at [mem 0x3935b000-0x3935b027]
May 12 18:02:12 ip-172-31-22-70 kernel: ACPI: Reserving SLIT table memory at [mem 0x3935a000-0x3935a06b]
May 12 18:02:12 ip-172-31-22-70 kernel: ACPI: Reserving APIC table memory at [mem 0x39359000-0x39359075]
May 12 18:02:12 ip-172-31-22-70 kernel: ACPI: Reserving SRAT table memory at [mem 0x39358000-0x3935809f]
May 12 18:02:12 ip-172-31-22-70 kernel: ACPI: Reserving HPET table memory at [mem 0x39354000-0x39354037]
May 12 18:02:12 ip-172-31-22-70 kernel: ACPI: Reserving SSDT table memory at [mem 0x39353000-0x39353758]
May 12 18:02:12 ip-172-31-22-70 kernel: ACPI: Reserving SSDT table memory at [mem 0x39352000-0x3935207e]
May 12 18:02:12 ip-172-31-22-70 kernel: ACPI: Reserving BGRT table memory at [mem 0x39351000-0x39351037]
May 12 18:02:12 ip-172-31-22-70 kernel: SRAT: PXM 0 -> APIC 0x00 -> Node 0
May 12 18:02:12 ip-172-31-22-70 kernel: SRAT: PXM 0 -> APIC 0x01 -> Node 0
May 12 18:02:12 ip-172-31-22-70 kernel: ACPI: SRAT: Node 0 PXM 0 [mem 0x00000000-0x3fffffff]
May 12 18:02:12 ip-172-31-22-70 kernel: NODE_DATA(0) allocated [mem 0x3b2ca000-0x3b2f4fff]
May 12 18:02:12 ip-172-31-22-70 kernel: Zone ranges:
May 12 18:02:12 ip-172-31-22-70 kernel:  DMA      [mem 0x0000000000001000-0x0000000000ffffff]
May 12 18:02:12 ip-172-31-22-70 kernel:  DMA32    [mem 0x0000000001000000-0x000000003d37bfff]
May 12 18:02:12 ip-172-31-22-70 kernel:  Normal   empty
May 12 18:02:12 ip-172-31-22-70 kernel:  Device   empty
May 12 18:02:12 ip-172-31-22-70 kernel: Movable zone start for each node
May 12 18:02:12 ip-172-31-22-70 kernel: Early memory node ranges
May 12 18:02:12 ip-172-31-22-70 kernel:  node   0: [mem 0x0000000000001000-0x000000000009ffff]
May 12 18:02:12 ip-172-31-22-70 kernel:  node   0: [mem 0x0000000000100000-0x00000000390cdfff]
May 12 18:02:12 ip-172-31-22-70 kernel:  node   0: [mem 0x00000000393de000-0x000000003d37bfff]
May 12 18:02:12 ip-172-31-22-70 kernel: Initmem setup node 0 [mem 0x0000000000001000-0x000000003d37bfff]
May 12 18:02:12 ip-172-31-22-70 kernel: On node 0, zone DMA: 1 pages in unavailable ranges
May 12 18:02:12 ip-172-31-22-70 kernel: On node 0, zone DMA: 96 pages in unavailable ranges
May 12 18:02:12 ip-172-31-22-70 kernel: On node 0, zone DMA32: 784 pages in unavailable ranges
May 12 18:02:12 ip-172-31-22-70 kernel: On node 0, zone DMA32: 11396 pages in unavailable ranges
May 12 18:02:12 ip-172-31-22-70 kernel: ACPI: PM-Timer IO Port: 0xb008
May 12 18:02:12 ip-172-31-22-70 kernel: ACPI: LAPIC_NMI (acpi_id[0xff] dfl dfl lint[0x1])
May 12 18:02:12 ip-172-31-22-70 kernel: IOAPIC[0]: apic_id 0, version 32, address 0xfec00000, GSI 0-23
May 12 18:02:12 ip-172-31-22-70 kernel: ACPI: INT_SRC_OVR (bus 0 bus_irq 5 global_irq 5 high level)
May 12 18:02:12 ip-172-31-22-70 kernel: ACPI: INT_SRC_OVR (bus 0 bus_irq 9 global_irq 9 high level)
May 12 18:02:12 ip-172-31-22-70 kernel: ACPI: INT_SRC_OVR (bus 0 bus_irq 10 global_irq 10 high level)
May 12 18:02:12 ip-172-31-22-70 kernel: ACPI: INT_SRC_OVR (bus 0 bus_irq 11 global_irq 11 high level)
May 12 18:02:12 ip-172-31-22-70 kernel: ACPI: Using ACPI (MADT) for SMP configuration information
May 12 18:02:12 ip-172-31-22-70 kernel: ACPI: HPET id: 0x8086a201 base: 0xfed00000
May 12 18:02:12 ip-172-31-22-70 kernel: TSC deadline timer available
May 12 18:02:12 ip-172-31-22-70 kernel: smpboot: Allowing 2 CPUs, 0 hotplug CPUs
May 12 18:02:12 ip-172-31-22-70 kernel: PM: hibernation: Registered nosave memory: [mem 0x00000000-0x00000fff]
May 12 18:02:12 ip-172-31-22-70 kernel: PM: hibernation: Registered nosave memory: [mem 0x000a0000-0x000fffff]
May 12 18:02:12 ip-172-31-22-70 kernel: PM: hibernation: Registered nosave memory: [mem 0x372be000-0x372befff]
May 12 18:02:12 ip-172-31-22-70 kernel: PM: hibernation: Registered nosave memory: [mem 0x372c6000-0x372c6fff]
May 12 18:02:12 ip-172-31-22-70 kernel: PM: hibernation: Registered nosave memory: [mem 0x390ce000-0x3934dfff]
May 12 18:02:12 ip-172-31-22-70 kernel: PM: hibernation: Registered nosave memory: [mem 0x3934e000-0x3935dfff]
May 12 18:02:12 ip-172-31-22-70 kernel: PM: hibernation: Registered nosave memory: [mem 0x3935e000-0x393ddfff]
May 12 18:02:12 ip-172-31-22-70 kernel: [mem 0x3d400000-0xffffffff] available for PCI devices
May 12 18:02:12 ip-172-31-22-70 kernel: Booting paravirtualized kernel on KVM
May 12 18:02:12 ip-172-31-22-70 kernel: clocksource: refined-jiffies: mask: 0xffffffff max_cycles: 0xffffffff, max_idle_ns: 19112604462750000 ns
May 12 18:02:12 ip-172-31-22-70 kernel: setup_percpu: NR_CPUS:8192 nr_cpumask_bits:2 nr_cpu_ids:2 nr_node_ids:1
May 12 18:02:12 ip-172-31-22-70 kernel: percpu: Embedded 60 pages/cpu s208896 r8192 d28672 u1048576
May 12 18:02:12 ip-172-31-22-70 kernel: kvm-guest: PV spinlocks enabled
May 12 18:02:12 ip-172-31-22-70 kernel: PV qspinlock hash table entries: 256 (order: 0, 4096 bytes, linear)
May 12 18:02:12 ip-172-31-22-70 kernel: Fallback order for Node 0: 0 
May 12 18:02:12 ip-172-31-22-70 kernel: Built 1 zonelists, mobility grouping on.  Total pages: 245790
May 12 18:02:12 ip-172-31-22-70 kernel: Policy zone: DMA32
May 12 18:02:12 ip-172-31-22-70 kernel: Kernel command line: BOOT_IMAGE=(hd0,gpt1)/boot/vmlinuz-6.1.132-147.221.amzn2023.x86_64 root=UUID=b1e84820-06b0-4d3b-9b5d-edd836bd5895 ro console=tty0 console=ttyS0,115200n8 nvme_core.io_timeout=4294967295 rd.emergency=poweroff rd.shell=0 selinux=1 security=selinux quiet
May 12 18:02:12 ip-172-31-22-70 kernel: Unknown kernel command line parameters "BOOT_IMAGE=(hd0,gpt1)/boot/vmlinuz-6.1.132-147.221.amzn2023.x86_64", will be passed to user space.
May 12 18:02:12 ip-172-31-22-70 kernel: random: crng init done
May 12 18:02:12 ip-172-31-22-70 kernel: Dentry cache hash table entries: 131072 (order: 8, 1048576 bytes, linear)
May 12 18:02:12 ip-172-31-22-70 kernel: Inode-cache hash table entries: 65536 (order: 7, 524288 bytes, linear)
May 12 18:02:12 ip-172-31-22-70 kernel: mem auto-init: stack:off, heap alloc:off, heap free:off
May 12 18:02:12 ip-172-31-22-70 kernel: Memory: 260860K/999468K available (14346K kernel code, 9303K rwdata, 8884K rodata, 2444K init, 18704K bss, 141548K reserved, 0K cma-reserved)
May 12 18:02:12 ip-172-31-22-70 kernel: SLUB: HWalign=64, Order=0-3, MinObjects=0, CPUs=2, Nodes=1
May 12 18:02:12 ip-172-31-22-70 kernel: Kernel/User page tables isolation: enabled
May 12 18:02:12 ip-172-31-22-70 kernel: ftrace: allocating 41692 entries in 163 pages
May 12 18:02:12 ip-172-31-22-70 kernel: ftrace: allocated 163 pages with 4 groups
May 12 18:02:12 ip-172-31-22-70 kernel: Dynamic Preempt: none
May 12 18:02:12 ip-172-31-22-70 kernel: rcu: Preemptible hierarchical RCU implementation.
May 12 18:02:12 ip-172-31-22-70 kernel: rcu: #011RCU restricting CPUs from NR_CPUS=8192 to nr_cpu_ids=2.
May 12 18:02:12 ip-172-31-22-70 kernel: #011Trampoline variant of Tasks RCU enabled.
May 12 18:02:12 ip-172-31-22-70 kernel: #011Rude variant of Tasks RCU enabled.
May 12 18:02:12 ip-172-31-22-70 kernel: #011Tracing variant of Tasks RCU enabled.
May 12 18:02:12 ip-172-31-22-70 kernel: rcu: RCU calculated value of scheduler-enlistment delay is 10 jiffies.
May 12 18:02:12 ip-172-31-22-70 kernel: rcu: Adjusting geometry for rcu_fanout_leaf=16, nr_cpu_ids=2
May 12 18:02:12 ip-172-31-22-70 kernel: NR_IRQS: 524544, nr_irqs: 440, preallocated irqs: 16
May 12 18:02:12 ip-172-31-22-70 kernel: rcu: srcu_init: Setting srcu_struct sizes based on contention.
May 12 18:02:12 ip-172-31-22-70 kernel: Console: colour dummy device 80x25
May 12 18:02:12 ip-172-31-22-70 kernel: printk: console [tty0] enabled
May 12 18:02:12 ip-172-31-22-70 kernel: printk: console [ttyS0] enabled
May 12 18:02:12 ip-172-31-22-70 kernel: ACPI: Core revision 20220331
May 12 18:02:12 ip-172-31-22-70 kernel: clocksource: hpet: mask: 0xffffffff max_cycles: 0xffffffff, max_idle_ns: 30580167144 ns
May 12 18:02:12 ip-172-31-22-70 kernel: APIC: Switch to symmetric I/O mode setup
May 12 18:02:12 ip-172-31-22-70 kernel: x2apic enabled
May 12 18:02:12 ip-172-31-22-70 kernel: Switched APIC routing to physical x2apic.
May 12 18:02:12 ip-172-31-22-70 kernel: clocksource: tsc-early: mask: 0xffffffffffffffff max_cycles: 0x240937b9988, max_idle_ns: 440795218083 ns
May 12 18:02:12 ip-172-31-22-70 kernel: Calibrating delay loop (skipped) preset value.. 4999.99 BogoMIPS (lpj=24999980)
May 12 18:02:12 ip-172-31-22-70 kernel: Last level iTLB entries: 4KB 64, 2MB 8, 4MB 8
May 12 18:02:12 ip-172-31-22-70 kernel: Last level dTLB entries: 4KB 64, 2MB 32, 4MB 32, 1GB 4
May 12 18:02:12 ip-172-31-22-70 kernel: Spectre V1 : Mitigation: usercopy/swapgs barriers and __user pointer sanitization
May 12 18:02:12 ip-172-31-22-70 kernel: Spectre V2 : Mitigation: Retpolines
May 12 18:02:12 ip-172-31-22-70 kernel: Spectre V2 : Spectre v2 / SpectreRSB mitigation: Filling RSB on context switch
May 12 18:02:12 ip-172-31-22-70 kernel: Spectre V2 : Spectre v2 / SpectreRSB : Filling RSB on VMEXIT
May 12 18:02:12 ip-172-31-22-70 kernel: RETBleed: WARNING: Spectre v2 mitigation leaves CPU vulnerable to RETBleed attacks, data leaks possible!
May 12 18:02:12 ip-172-31-22-70 kernel: RETBleed: Vulnerable
May 12 18:02:12 ip-172-31-22-70 kernel: Speculative Store Bypass: Vulnerable
May 12 18:02:12 ip-172-31-22-70 kernel: MDS: Vulnerable: Clear CPU buffers attempted, no microcode
May 12 18:02:12 ip-172-31-22-70 kernel: MMIO Stale Data: Vulnerable: Clear CPU buffers attempted, no microcode
May 12 18:02:12 ip-172-31-22-70 kernel: GDS: Unknown: Dependent on hypervisor status
May 12 18:02:12 ip-172-31-22-70 kernel: x86/fpu: Supporting XSAVE feature 0x001: 'x87 floating point registers'
May 12 18:02:12 ip-172-31-22-70 kernel: x86/fpu: Supporting XSAVE feature 0x002: 'SSE registers'
May 12 18:02:12 ip-172-31-22-70 kernel: x86/fpu: Supporting XSAVE feature 0x004: 'AVX registers'
May 12 18:02:12 ip-172-31-22-70 kernel: x86/fpu: Supporting XSAVE feature 0x008: 'MPX bounds registers'
May 12 18:02:12 ip-172-31-22-70 kernel: x86/fpu: Supporting XSAVE feature 0x010: 'MPX CSR'
May 12 18:02:12 ip-172-31-22-70 kernel: x86/fpu: Supporting XSAVE feature 0x020: 'AVX-512 opmask'
May 12 18:02:12 ip-172-31-22-70 kernel: x86/fpu: Supporting XSAVE feature 0x040: 'AVX-512 Hi256'
May 12 18:02:12 ip-172-31-22-70 kernel: x86/fpu: Supporting XSAVE feature 0x080: 'AVX-512 ZMM_Hi256'
May 12 18:02:12 ip-172-31-22-70 kernel: x86/fpu: Supporting XSAVE feature 0x200: 'Protection Keys User registers'
May 12 18:02:12 ip-172-31-22-70 kernel: x86/fpu: xstate_offset[2]:  576, xstate_sizes[2]:  256
May 12 18:02:12 ip-172-31-22-70 kernel: x86/fpu: xstate_offset[3]:  832, xstate_sizes[3]:   64
May 12 18:02:12 ip-172-31-22-70 kernel: x86/fpu: xstate_offset[4]:  896, xstate_sizes[4]:   64
May 12 18:02:12 ip-172-31-22-70 kernel: x86/fpu: xstate_offset[5]:  960, xstate_sizes[5]:   64
May 12 18:02:12 ip-172-31-22-70 kernel: x86/fpu: xstate_offset[6]: 1024, xstate_sizes[6]:  512
May 12 18:02:12 ip-172-31-22-70 kernel: x86/fpu: xstate_offset[7]: 1536, xstate_sizes[7]: 1024
May 12 18:02:12 ip-172-31-22-70 kernel: x86/fpu: xstate_offset[9]: 2560, xstate_sizes[9]:    8
May 12 18:02:12 ip-172-31-22-70 kernel: x86/fpu: Enabled xstate features 0x2ff, context size is 2568 bytes, using 'compacted' format.
May 12 18:02:12 ip-172-31-22-70 kernel: Freeing SMP alternatives memory: 32K
May 12 18:02:12 ip-172-31-22-70 kernel: pid_max: default: 32768 minimum: 301
May 12 18:02:12 ip-172-31-22-70 kernel: LSM: Security Framework initializing
May 12 18:02:12 ip-172-31-22-70 kernel: Yama: becoming mindful.
May 12 18:02:12 ip-172-31-22-70 kernel: SELinux:  Initializing.
May 12 18:02:12 ip-172-31-22-70 kernel: LSM support for eBPF active
May 12 18:02:12 ip-172-31-22-70 kernel: Mount-cache hash table entries: 2048 (order: 2, 16384 bytes, linear)
May 12 18:02:12 ip-172-31-22-70 kernel: Mountpoint-cache hash table entries: 2048 (order: 2, 16384 bytes, linear)
May 12 18:02:12 ip-172-31-22-70 kernel: smpboot: CPU0: Intel(R) Xeon(R) Platinum 8175M CPU @ 2.50GHz (family: 0x6, model: 0x55, stepping: 0x4)
May 12 18:02:12 ip-172-31-22-70 kernel: cblist_init_generic: Setting adjustable number of callback queues.
May 12 18:02:12 ip-172-31-22-70 kernel: cblist_init_generic: Setting shift to 1 and lim to 1.
May 12 18:02:12 ip-172-31-22-70 kernel: cblist_init_generic: Setting adjustable number of callback queues.
May 12 18:02:12 ip-172-31-22-70 kernel: cblist_init_generic: Setting shift to 1 and lim to 1.
May 12 18:02:12 ip-172-31-22-70 kernel: cblist_init_generic: Setting adjustable number of callback queues.
May 12 18:02:12 ip-172-31-22-70 kernel: cblist_init_generic: Setting shift to 1 and lim to 1.
May 12 18:02:12 ip-172-31-22-70 kernel: Performance Events: unsupported p6 CPU model 85 no PMU driver, software events only.
May 12 18:02:12 ip-172-31-22-70 kernel: signal: max sigframe size: 3632
May 12 18:02:12 ip-172-31-22-70 kernel: rcu: Hierarchical SRCU implementation.
May 12 18:02:12 ip-172-31-22-70 kernel: rcu: #011Max phase no-delay instances is 1000.
May 12 18:02:12 ip-172-31-22-70 kernel: smp: Bringing up secondary CPUs ...
May 12 18:02:12 ip-172-31-22-70 kernel: x86: Booting SMP configuration:
May 12 18:02:12 ip-172-31-22-70 kernel: .... node  #0, CPUs:      #1
May 12 18:02:12 ip-172-31-22-70 kernel: MDS CPU bug present and SMT on, data leak possible. See https://www.kernel.org/doc/html/latest/admin-guide/hw-vuln/mds.html for more details.
May 12 18:02:12 ip-172-31-22-70 kernel: MMIO Stale Data CPU bug present and SMT on, data leak possible. See https://www.kernel.org/doc/html/latest/admin-guide/hw-vuln/processor_mmio_stale_data.html for more details.
May 12 18:02:12 ip-172-31-22-70 kernel: smp: Brought up 1 node, 2 CPUs
May 12 18:02:12 ip-172-31-22-70 kernel: smpboot: Max logical packages: 1
May 12 18:02:12 ip-172-31-22-70 kernel: smpboot: Total of 2 processors activated (9999.99 BogoMIPS)
May 12 18:02:12 ip-172-31-22-70 kernel: node 0 deferred pages initialised in 0ms
May 12 18:02:12 ip-172-31-22-70 kernel: devtmpfs: initialized
May 12 18:02:12 ip-172-31-22-70 kernel: x86/mm: Memory block size: 128MB
May 12 18:02:12 ip-172-31-22-70 kernel: ACPI: PM: Registering ACPI NVS region [mem 0x3935e000-0x393ddfff] (524288 bytes)
May 12 18:02:12 ip-172-31-22-70 kernel: clocksource: jiffies: mask: 0xffffffff max_cycles: 0xffffffff, max_idle_ns: 19112604462750000 ns
May 12 18:02:12 ip-172-31-22-70 kernel: futex hash table entries: 512 (order: 3, 32768 bytes, linear)
May 12 18:02:12 ip-172-31-22-70 kernel: NET: Registered PF_NETLINK/PF_ROUTE protocol family
May 12 18:02:12 ip-172-31-22-70 kernel: DMA: preallocated 128 KiB GFP_KERNEL pool for atomic allocations
May 12 18:02:12 ip-172-31-22-70 kernel: DMA: preallocated 128 KiB GFP_KERNEL|GFP_DMA pool for atomic allocations
May 12 18:02:12 ip-172-31-22-70 kernel: DMA: preallocated 128 KiB GFP_KERNEL|GFP_DMA32 pool for atomic allocations
May 12 18:02:12 ip-172-31-22-70 kernel: audit: initializing netlink subsys (disabled)
May 12 18:02:12 ip-172-31-22-70 kernel: audit: type=2000 audit(1747072933.550:1): state=initialized audit_enabled=0 res=1
May 12 18:02:12 ip-172-31-22-70 kernel: thermal_sys: Registered thermal governor 'fair_share'
May 12 18:02:12 ip-172-31-22-70 kernel: thermal_sys: Registered thermal governor 'step_wise'
May 12 18:02:12 ip-172-31-22-70 kernel: thermal_sys: Registered thermal governor 'user_space'
May 12 18:02:12 ip-172-31-22-70 kernel: cpuidle: using governor ladder
May 12 18:02:12 ip-172-31-22-70 kernel: cpuidle: using governor menu
May 12 18:02:12 ip-172-31-22-70 kernel: acpiphp: ACPI Hot Plug PCI Controller Driver version: 0.5
May 12 18:02:12 ip-172-31-22-70 kernel: PCI: Using configuration type 1 for base access
May 12 18:02:12 ip-172-31-22-70 kernel: kprobes: kprobe jump-optimization is enabled. All kprobes are optimized if possible.
May 12 18:02:12 ip-172-31-22-70 kernel: HugeTLB: registered 1.00 GiB page size, pre-allocated 0 pages
May 12 18:02:12 ip-172-31-22-70 kernel: HugeTLB: 16380 KiB vmemmap can be freed for a 1.00 GiB page
May 12 18:02:12 ip-172-31-22-70 kernel: HugeTLB: registered 2.00 MiB page size, pre-allocated 0 pages
May 12 18:02:12 ip-172-31-22-70 kernel: HugeTLB: 28 KiB vmemmap can be freed for a 2.00 MiB page
May 12 18:02:12 ip-172-31-22-70 kernel: cryptd: max_cpu_qlen set to 1000
May 12 18:02:12 ip-172-31-22-70 kernel: ACPI: Added _OSI(Module Device)
May 12 18:02:12 ip-172-31-22-70 kernel: ACPI: Added _OSI(Processor Device)
May 12 18:02:12 ip-172-31-22-70 kernel: ACPI: Added _OSI(3.0 _SCP Extensions)
May 12 18:02:12 ip-172-31-22-70 kernel: ACPI: Added _OSI(Processor Aggregator Device)
May 12 18:02:12 ip-172-31-22-70 kernel: ACPI: 3 ACPI AML tables successfully acquired and loaded
May 12 18:02:12 ip-172-31-22-70 kernel: ACPI: Interpreter enabled
May 12 18:02:12 ip-172-31-22-70 kernel: ACPI: PM: (supports S0 S4 S5)
May 12 18:02:12 ip-172-31-22-70 kernel: ACPI: Using IOAPIC for interrupt routing
May 12 18:02:12 ip-172-31-22-70 kernel: PCI: Using host bridge windows from ACPI; if necessary, use "pci=nocrs" and report a bug
May 12 18:02:12 ip-172-31-22-70 kernel: PCI: Using E820 reservations for host bridge windows
May 12 18:02:12 ip-172-31-22-70 kernel: ACPI: Enabled 2 GPEs in block 00 to 0F
May 12 18:02:12 ip-172-31-22-70 kernel: ACPI: PCI Root Bridge [PCI0] (domain 0000 [bus 00-ff])
May 12 18:02:12 ip-172-31-22-70 kernel: acpi PNP0A03:00: _OSC: OS supports [ASPM ClockPM Segments MSI HPX-Type3]
May 12 18:02:12 ip-172-31-22-70 kernel: acpi PNP0A03:00: _OSC: not requesting OS control; OS requires [ExtendedConfig ASPM ClockPM MSI]
May 12 18:02:12 ip-172-31-22-70 kernel: acpi PNP0A03:00: fail to add MMCONFIG information, can't access extended PCI configuration space under this bridge.
May 12 18:02:12 ip-172-31-22-70 kernel: acpiphp: Slot [3] registered
May 12 18:02:12 ip-172-31-22-70 kernel: acpiphp: Slot [4] registered
May 12 18:02:12 ip-172-31-22-70 kernel: acpiphp: Slot [5] registered
May 12 18:02:12 ip-172-31-22-70 kernel: acpiphp: Slot [6] registered
May 12 18:02:12 ip-172-31-22-70 kernel: acpiphp: Slot [7] registered
May 12 18:02:12 ip-172-31-22-70 kernel: acpiphp: Slot [8] registered
May 12 18:02:12 ip-172-31-22-70 kernel: acpiphp: Slot [9] registered
May 12 18:02:12 ip-172-31-22-70 kernel: acpiphp: Slot [10] registered
May 12 18:02:12 ip-172-31-22-70 kernel: acpiphp: Slot [11] registered
May 12 18:02:12 ip-172-31-22-70 kernel: acpiphp: Slot [12] registered
May 12 18:02:12 ip-172-31-22-70 kernel: acpiphp: Slot [13] registered
May 12 18:02:12 ip-172-31-22-70 kernel: acpiphp: Slot [14] registered
May 12 18:02:12 ip-172-31-22-70 kernel: acpiphp: Slot [15] registered
May 12 18:02:12 ip-172-31-22-70 kernel: acpiphp: Slot [16] registered
May 12 18:02:12 ip-172-31-22-70 kernel: acpiphp: Slot [17] registered
May 12 18:02:12 ip-172-31-22-70 kernel: acpiphp: Slot [18] registered
May 12 18:02:12 ip-172-31-22-70 kernel: acpiphp: Slot [19] registered
May 12 18:02:12 ip-172-31-22-70 kernel: acpiphp: Slot [20] registered
May 12 18:02:12 ip-172-31-22-70 kernel: acpiphp: Slot [21] registered
May 12 18:02:12 ip-172-31-22-70 kernel: acpiphp: Slot [22] registered
May 12 18:02:12 ip-172-31-22-70 kernel: acpiphp: Slot [23] registered
May 12 18:02:12 ip-172-31-22-70 kernel: acpiphp: Slot [24] registered
May 12 18:02:12 ip-172-31-22-70 kernel: acpiphp: Slot [25] registered
May 12 18:02:12 ip-172-31-22-70 kernel: acpiphp: Slot [26] registered
May 12 18:02:12 ip-172-31-22-70 kernel: acpiphp: Slot [27] registered
May 12 18:02:12 ip-172-31-22-70 kernel: acpiphp: Slot [28] registered
May 12 18:02:12 ip-172-31-22-70 kernel: acpiphp: Slot [29] registered
May 12 18:02:12 ip-172-31-22-70 kernel: acpiphp: Slot [30] registered
May 12 18:02:12 ip-172-31-22-70 kernel: acpiphp: Slot [31] registered
May 12 18:02:12 ip-172-31-22-70 kernel: PCI host bridge to bus 0000:00
May 12 18:02:12 ip-172-31-22-70 kernel: pci_bus 0000:00: root bus resource [io  0x0000-0x0cf7 window]
May 12 18:02:12 ip-172-31-22-70 kernel: pci_bus 0000:00: root bus resource [io  0x0d00-0xffff window]
May 12 18:02:12 ip-172-31-22-70 kernel: pci_bus 0000:00: root bus resource [mem 0x000a0000-0x000bffff window]
May 12 18:02:12 ip-172-31-22-70 kernel: pci_bus 0000:00: root bus resource [mem 0x80000000-0xfebfffff window]
May 12 18:02:12 ip-172-31-22-70 kernel: pci_bus 0000:00: root bus resource [mem 0x100000000-0x2000ffffffff window]
May 12 18:02:12 ip-172-31-22-70 kernel: pci_bus 0000:00: root bus resource [bus 00-ff]
May 12 18:02:12 ip-172-31-22-70 kernel: pci 0000:00:00.0: [8086:1237] type 00 class 0x060000
May 12 18:02:12 ip-172-31-22-70 kernel: pci 0000:00:01.0: [8086:7000] type 00 class 0x060100
May 12 18:02:12 ip-172-31-22-70 kernel: pci 0000:00:01.3: [8086:7113] type 00 class 0x000000
May 12 18:02:12 ip-172-31-22-70 kernel: pci 0000:00:01.3: quirk: [io  0xb000-0xb03f] claimed by PIIX4 ACPI
May 12 18:02:12 ip-172-31-22-70 kernel: pci 0000:00:01.3: PIIX4 devres E PIO at fff0-ffff
May 12 18:02:12 ip-172-31-22-70 kernel: pci 0000:00:01.3: PIIX4 devres F MMIO at ffc00000-ffffffff
May 12 18:02:12 ip-172-31-22-70 kernel: pci 0000:00:01.3: PIIX4 devres G PIO at fff0-ffff
May 12 18:02:12 ip-172-31-22-70 kernel: pci 0000:00:01.3: PIIX4 devres H MMIO at ffc00000-ffffffff
May 12 18:02:12 ip-172-31-22-70 kernel: pci 0000:00:01.3: PIIX4 devres I PIO at fff0-ffff
May 12 18:02:12 ip-172-31-22-70 kernel: pci 0000:00:01.3: PIIX4 devres J PIO at fff0-ffff
May 12 18:02:12 ip-172-31-22-70 kernel: pci 0000:00:03.0: [1d0f:1111] type 00 class 0x030000
May 12 18:02:12 ip-172-31-22-70 kernel: pci 0000:00:03.0: reg 0x10: [mem 0x80000000-0x803fffff pref]
May 12 18:02:12 ip-172-31-22-70 kernel: pci 0000:00:03.0: reg 0x30: [mem 0xffff0000-0xffffffff pref]
May 12 18:02:12 ip-172-31-22-70 kernel: pci 0000:00:03.0: Video device with shadowed ROM at [mem 0x000c0000-0x000dffff]
May 12 18:02:12 ip-172-31-22-70 kernel: pci 0000:00:04.0: [1d0f:8061] type 00 class 0x010802
May 12 18:02:12 ip-172-31-22-70 kernel: pci 0000:00:04.0: reg 0x10: [mem 0x80404000-0x80407fff]
May 12 18:02:12 ip-172-31-22-70 kernel: pci 0000:00:05.0: [1d0f:ec20] type 00 class 0x020000
May 12 18:02:12 ip-172-31-22-70 kernel: pci 0000:00:05.0: reg 0x10: [mem 0x80400000-0x80403fff]
May 12 18:02:12 ip-172-31-22-70 kernel: ACPI: PCI: Interrupt link LNKA configured for IRQ 10
May 12 18:02:12 ip-172-31-22-70 kernel: ACPI: PCI: Interrupt link LNKB configured for IRQ 10
May 12 18:02:12 ip-172-31-22-70 kernel: ACPI: PCI: Interrupt link LNKC configured for IRQ 11
May 12 18:02:12 ip-172-31-22-70 kernel: ACPI: PCI: Interrupt link LNKD configured for IRQ 11
May 12 18:02:12 ip-172-31-22-70 kernel: ACPI: PCI: Interrupt link LNKS configured for IRQ 9
May 12 18:02:12 ip-172-31-22-70 kernel: iommu: Default domain type: Translated 
May 12 18:02:12 ip-172-31-22-70 kernel: iommu: DMA domain TLB invalidation policy: lazy mode 
May 12 18:02:12 ip-172-31-22-70 kernel: pps_core: LinuxPPS API ver. 1 registered
May 12 18:02:12 ip-172-31-22-70 kernel: pps_core: Software ver. 5.3.6 - Copyright 2005-2007 Rodolfo Giometti <giometti@linux.it>
May 12 18:02:12 ip-172-31-22-70 kernel: PTP clock support registered
May 12 18:02:12 ip-172-31-22-70 kernel: EDAC MC: Ver: 3.0.0
May 12 18:02:12 ip-172-31-22-70 kernel: Registered efivars operations
May 12 18:02:12 ip-172-31-22-70 kernel: NetLabel: Initializing
May 12 18:02:12 ip-172-31-22-70 kernel: NetLabel:  domain hash size = 128
May 12 18:02:12 ip-172-31-22-70 kernel: NetLabel:  protocols = UNLABELED CIPSOv4 CALIPSO
May 12 18:02:12 ip-172-31-22-70 kernel: NetLabel:  unlabeled traffic allowed by default
May 12 18:02:12 ip-172-31-22-70 kernel: PCI: Using ACPI for IRQ routing
May 12 18:02:12 ip-172-31-22-70 kernel: hpet0: at MMIO 0xfed00000, IRQs 2, 8, 0, 0, 0, 0, 0, 0
May 12 18:02:12 ip-172-31-22-70 kernel: hpet0: 8 comparators, 32-bit 62.500000 MHz counter
May 12 18:02:12 ip-172-31-22-70 kernel: clocksource: Switched to clocksource kvm-clock
May 12 18:02:12 ip-172-31-22-70 kernel: VFS: Disk quotas dquot_6.6.0
May 12 18:02:12 ip-172-31-22-70 kernel: VFS: Dquot-cache hash table entries: 512 (order 0, 4096 bytes)
May 12 18:02:12 ip-172-31-22-70 kernel: pnp: PnP ACPI init
May 12 18:02:12 ip-172-31-22-70 kernel: pnp: PnP ACPI: found 5 devices
May 12 18:02:12 ip-172-31-22-70 kernel: clocksource: acpi_pm: mask: 0xffffff max_cycles: 0xffffff, max_idle_ns: 2085701024 ns
May 12 18:02:12 ip-172-31-22-70 kernel: NET: Registered PF_INET protocol family
May 12 18:02:12 ip-172-31-22-70 kernel: IP idents hash table entries: 16384 (order: 5, 131072 bytes, linear)
May 12 18:02:12 ip-172-31-22-70 kernel: tcp_listen_portaddr_hash hash table entries: 512 (order: 1, 8192 bytes, linear)
May 12 18:02:12 ip-172-31-22-70 kernel: Table-perturb hash table entries: 65536 (order: 6, 262144 bytes, linear)
May 12 18:02:12 ip-172-31-22-70 kernel: TCP established hash table entries: 8192 (order: 4, 65536 bytes, linear)
May 12 18:02:12 ip-172-31-22-70 kernel: TCP bind hash table entries: 8192 (order: 6, 262144 bytes, linear)
May 12 18:02:12 ip-172-31-22-70 kernel: TCP: Hash tables configured (established 8192 bind 8192)
May 12 18:02:12 ip-172-31-22-70 kernel: MPTCP token hash table entries: 1024 (order: 2, 24576 bytes, linear)
May 12 18:02:12 ip-172-31-22-70 kernel: UDP hash table entries: 512 (order: 2, 16384 bytes, linear)
May 12 18:02:12 ip-172-31-22-70 kernel: UDP-Lite hash table entries: 512 (order: 2, 16384 bytes, linear)
May 12 18:02:12 ip-172-31-22-70 kernel: NET: Registered PF_UNIX/PF_LOCAL protocol family
May 12 18:02:12 ip-172-31-22-70 kernel: NET: Registered PF_XDP protocol family
May 12 18:02:12 ip-172-31-22-70 kernel: pci_bus 0000:00: resource 4 [io  0x0000-0x0cf7 window]
May 12 18:02:12 ip-172-31-22-70 kernel: pci_bus 0000:00: resource 5 [io  0x0d00-0xffff window]
May 12 18:02:12 ip-172-31-22-70 kernel: pci_bus 0000:00: resource 6 [mem 0x000a0000-0x000bffff window]
May 12 18:02:12 ip-172-31-22-70 kernel: pci_bus 0000:00: resource 7 [mem 0x80000000-0xfebfffff window]
May 12 18:02:12 ip-172-31-22-70 kernel: pci_bus 0000:00: resource 8 [mem 0x100000000-0x2000ffffffff window]
May 12 18:02:12 ip-172-31-22-70 kernel: pci 0000:00:00.0: Limiting direct PCI/PCI transfers
May 12 18:02:12 ip-172-31-22-70 kernel: PCI: CLS 0 bytes, default 64
May 12 18:02:12 ip-172-31-22-70 kernel: Trying to unpack rootfs image as initramfs...
May 12 18:02:12 ip-172-31-22-70 kernel: clocksource: tsc: mask: 0xffffffffffffffff max_cycles: 0x240937b9988, max_idle_ns: 440795218083 ns
May 12 18:02:12 ip-172-31-22-70 kernel: clocksource: Switched to clocksource tsc
May 12 18:02:12 ip-172-31-22-70 kernel: Initialise system trusted keyrings
May 12 18:02:12 ip-172-31-22-70 kernel: Key type blacklist registered
May 12 18:02:12 ip-172-31-22-70 kernel: workingset: timestamp_bits=36 max_order=18 bucket_order=0
May 12 18:02:12 ip-172-31-22-70 kernel: zbud: loaded
May 12 18:02:12 ip-172-31-22-70 kernel: SGI XFS with ACLs, security attributes, quota, no debug enabled
May 12 18:02:12 ip-172-31-22-70 kernel: integrity: Platform Keyring initialized
May 12 18:02:12 ip-172-31-22-70 kernel: Key type asymmetric registered
May 12 18:02:12 ip-172-31-22-70 kernel: Asymmetric key parser 'x509' registered
May 12 18:02:12 ip-172-31-22-70 kernel: Block layer SCSI generic (bsg) driver version 0.4 loaded (major 248)
May 12 18:02:12 ip-172-31-22-70 kernel: io scheduler mq-deadline registered
May 12 18:02:12 ip-172-31-22-70 kernel: io scheduler kyber registered
May 12 18:02:12 ip-172-31-22-70 kernel: io scheduler bfq registered
May 12 18:02:12 ip-172-31-22-70 kernel: shpchp: Standard Hot Plug PCI Controller Driver version: 0.4
May 12 18:02:12 ip-172-31-22-70 kernel: Serial: 8250/16550 driver, 4 ports, IRQ sharing disabled
May 12 18:02:12 ip-172-31-22-70 kernel: 00:04: ttyS0 at I/O 0x3f8 (irq = 4, base_baud = 115200) is a 16550A
May 12 18:02:12 ip-172-31-22-70 kernel: AMD-Vi: AMD IOMMUv2 functionality not available on this system - This is not a bug.
May 12 18:02:12 ip-172-31-22-70 kernel: nvme nvme0: pci function 0000:00:04.0
May 12 18:02:12 ip-172-31-22-70 kernel: rtc_cmos 00:00: RTC can wake from S4
May 12 18:02:12 ip-172-31-22-70 kernel: ACPI: \_SB_.LNKD: Enabled at IRQ 11
May 12 18:02:12 ip-172-31-22-70 kernel: rtc_cmos 00:00: registered as rtc0
May 12 18:02:12 ip-172-31-22-70 kernel: rtc_cmos 00:00: setting system clock to 2025-05-12T18:02:12 UTC (1747072932)
May 12 18:02:12 ip-172-31-22-70 kernel: rtc_cmos 00:00: alarms up to one day, 114 bytes nvram
May 12 18:02:12 ip-172-31-22-70 kernel: intel_pstate: CPU model not supported
May 12 18:02:12 ip-172-31-22-70 kernel: pstore: Registered efi as persistent store backend
May 12 18:02:12 ip-172-31-22-70 kernel: hid: raw HID events driver (C) Jiri Kosina
May 12 18:02:12 ip-172-31-22-70 kernel: NET: Registered PF_INET6 protocol family
May 12 18:02:12 ip-172-31-22-70 kernel: nvme nvme0: 2/0/0 default/read/poll queues
May 12 18:02:12 ip-172-31-22-70 kernel: nvme0n1: p1 p127 p128
May 12 18:02:12 ip-172-31-22-70 kernel: Freeing initrd memory: 16028K
May 12 18:02:12 ip-172-31-22-70 kernel: Segment Routing with IPv6
May 12 18:02:12 ip-172-31-22-70 kernel: In-situ OAM (IOAM) with IPv6
May 12 18:02:12 ip-172-31-22-70 kernel: NET: Registered PF_PACKET protocol family
May 12 18:02:12 ip-172-31-22-70 kernel: IPI shorthand broadcast: enabled
May 12 18:02:12 ip-172-31-22-70 kernel: AVX2 version of gcm_enc/dec engaged.
May 12 18:02:12 ip-172-31-22-70 kernel: AES CTR mode by8 optimization enabled
May 12 18:02:12 ip-172-31-22-70 kernel: sched_clock: Marking stable (246665336, 3808044)->(274199168, -23725788)
May 12 18:02:12 ip-172-31-22-70 kernel: registered taskstats version 1
May 12 18:02:12 ip-172-31-22-70 kernel: Loading compiled-in X.509 certificates
May 12 18:02:12 ip-172-31-22-70 kernel: Loaded X.509 cert 'Amazon.com: Amazon Linux Kernel Signing Key: d9200f3d7e5415afb7553f229700670411e8efe0'
May 12 18:02:12 ip-172-31-22-70 kernel: zswap: loaded using pool lzo/zbud
May 12 18:02:12 ip-172-31-22-70 kernel: Key type .fscrypt registered
May 12 18:02:12 ip-172-31-22-70 kernel: Key type fscrypt-provisioning registered
May 12 18:02:12 ip-172-31-22-70 kernel: pstore: Using crash dump compression: deflate
May 12 18:02:12 ip-172-31-22-70 kernel: ima: No TPM chip found, activating TPM-bypass!
May 12 18:02:12 ip-172-31-22-70 kernel: ima: Allocated hash algorithm: sha256
May 12 18:02:12 ip-172-31-22-70 kernel: ima: No architecture policies found
May 12 18:02:12 ip-172-31-22-70 kernel: clk: Disabling unused clocks
May 12 18:02:12 ip-172-31-22-70 kernel: Freeing unused decrypted memory: 2036K
May 12 18:02:12 ip-172-31-22-70 kernel: Freeing unused kernel image (initmem) memory: 2444K
May 12 18:02:12 ip-172-31-22-70 kernel: Write protecting the kernel read-only data: 26624k
May 12 18:02:12 ip-172-31-22-70 kernel: Freeing unused kernel image (text/rodata gap) memory: 2036K
May 12 18:02:12 ip-172-31-22-70 kernel: Freeing unused kernel image (rodata/data gap) memory: 1356K
May 12 18:02:12 ip-172-31-22-70 kernel: Run /init as init process
May 12 18:02:12 ip-172-31-22-70 systemd[1]: systemd 252.23-3.amzn2023 running in system mode (+PAM +AUDIT +SELINUX -APPARMOR +IMA +SMACK +SECCOMP -GCRYPT -GNUTLS +OPENSSL +ACL +BLKID +CURL +ELFUTILS +FIDO2 +IDN2 -IDN -IPTC +KMOD +LIBCRYPTSETUP +LIBFDISK +PCRE2 +PWQUALITY +P11KIT +QRENCODE +TPM2 -BZIP2 -LZ4 +XZ -ZLIB -ZSTD +BPF_FRAMEWORK +XKBCOMMON +UTMP +SYSVINIT default-hierarchy=unified)
May 12 18:02:12 ip-172-31-22-70 systemd[1]: Detected virtualization amazon.
May 12 18:02:12 ip-172-31-22-70 systemd[1]: Detected architecture x86-64.
May 12 18:02:12 ip-172-31-22-70 systemd[1]: Running in initrd.
May 12 18:02:12 ip-172-31-22-70 systemd[1]: No hostname configured, using default hostname.
May 12 18:02:12 ip-172-31-22-70 systemd[1]: Hostname set to <localhost>.
May 12 18:02:12 ip-172-31-22-70 systemd[1]: Initializing machine ID from VM UUID.
May 12 18:02:12 ip-172-31-22-70 systemd[1]: Queued start job for default target initrd.target.
May 12 18:02:12 ip-172-31-22-70 systemd[1]: Started systemd-ask-password-console.path - Dispatch Password Requests to Console Directory Watch.
May 12 18:02:12 ip-172-31-22-70 systemd[1]: Expecting device dev-disk-by\x2duuid-b1e84820\x2d06b0\x2d4d3b\x2d9b5d\x2dedd836bd5895.device - /dev/disk/by-uuid/b1e84820-06b0-4d3b-9b5d-edd836bd5895...
May 12 18:02:12 ip-172-31-22-70 systemd[1]: Reached target initrd-usr-fs.target - Initrd /usr File System.
May 12 18:02:12 ip-172-31-22-70 systemd[1]: Reached target local-fs.target - Local File Systems.
May 12 18:02:12 ip-172-31-22-70 systemd[1]: Reached target paths.target - Path Units.
May 12 18:02:12 ip-172-31-22-70 systemd[1]: Reached target slices.target - Slice Units.
May 12 18:02:12 ip-172-31-22-70 systemd[1]: Reached target swap.target - Swaps.
May 12 18:02:12 ip-172-31-22-70 systemd[1]: Reached target timers.target - Timer Units.
May 12 18:02:12 ip-172-31-22-70 systemd[1]: Listening on systemd-journald-audit.socket - Journal Audit Socket.
May 12 18:02:12 ip-172-31-22-70 systemd[1]: Listening on systemd-journald-dev-log.socket - Journal Socket (/dev/log).
May 12 18:02:12 ip-172-31-22-70 systemd[1]: Listening on systemd-journald.socket - Journal Socket.
May 12 18:02:12 ip-172-31-22-70 systemd[1]: Listening on systemd-udevd-control.socket - udev Control Socket.
May 12 18:02:12 ip-172-31-22-70 systemd[1]: Listening on systemd-udevd-kernel.socket - udev Kernel Socket.
May 12 18:02:12 ip-172-31-22-70 systemd[1]: Reached target sockets.target - Socket Units.
May 12 18:02:12 ip-172-31-22-70 systemd[1]: kmod-static-nodes.service - Create List of Static Device Nodes was skipped because of an unmet condition check (ConditionFileNotEmpty=/lib/modules/6.1.132-147.221.amzn2023.x86_64/modules.devname).
May 12 18:02:12 ip-172-31-22-70 systemd[1]: Starting systemd-journald.service - Journal Service...
May 12 18:02:12 ip-172-31-22-70 systemd[1]: systemd-modules-load.service - Load Kernel Modules was skipped because no trigger condition checks were met.
May 12 18:02:12 ip-172-31-22-70 systemd[1]: Starting systemd-sysctl.service - Apply Kernel Variables...
May 12 18:02:12 ip-172-31-22-70 systemd[1]: Starting systemd-sysusers.service - Create System Users...
May 12 18:02:12 ip-172-31-22-70 systemd[1]: Starting systemd-vconsole-setup.service - Setup Virtual Console...
May 12 18:02:12 ip-172-31-22-70 systemd[1]: Finished systemd-sysusers.service - Create System Users.
May 12 18:02:12 ip-172-31-22-70 systemd[1]: Finished systemd-vconsole-setup.service - Setup Virtual Console.
May 12 18:02:12 ip-172-31-22-70 systemd[1]: dracut-cmdline-ask.service - dracut ask for additional cmdline parameters was skipped because no trigger condition checks were met.
May 12 18:02:12 ip-172-31-22-70 systemd[1]: Starting dracut-cmdline.service - dracut cmdline hook...
May 12 18:02:12 ip-172-31-22-70 systemd[1]: Starting systemd-tmpfiles-setup-dev.service - Create Static Device Nodes in /dev...
May 12 18:02:12 ip-172-31-22-70 systemd[1]: Finished systemd-sysctl.service - Apply Kernel Variables.
May 12 18:02:12 ip-172-31-22-70 kernel: audit: type=1130 audit(1747072932.899:2): pid=1 uid=0 auid=4294967295 ses=4294967295 subj=kernel msg='unit=systemd-sysusers comm="systemd" exe="/usr/lib/systemd/systemd" hostname=? addr=? terminal=? res=success'
May 12 18:02:12 ip-172-31-22-70 kernel: audit: type=1130 audit(1747072932.899:3): pid=1 uid=0 auid=4294967295 ses=4294967295 subj=kernel msg='unit=systemd-vconsole-setup comm="systemd" exe="/usr/lib/systemd/systemd" hostname=? addr=? terminal=? res=success'
May 12 18:02:12 ip-172-31-22-70 kernel: audit: type=1130 audit(1747072932.899:4): pid=1 uid=0 auid=4294967295 ses=4294967295 subj=kernel msg='unit=systemd-sysctl comm="systemd" exe="/usr/lib/systemd/systemd" hostname=? addr=? terminal=? res=success'
May 12 18:02:12 ip-172-31-22-70 systemd[1]: Finished systemd-tmpfiles-setup-dev.service - Create Static Device Nodes in /dev.
May 12 18:02:12 ip-172-31-22-70 systemd-journald[341]: Journal started
May 12 18:02:12 ip-172-31-22-70 systemd-journald[341]: Runtime Journal (/run/log/journal/ec2c536bab86f59bb2c6da5145a25037) is 2.2M, max 18.0M, 15.8M free.
May 12 18:02:12 ip-172-31-22-70 kernel: audit: type=1130 audit(1747072932.919:5): pid=1 uid=0 auid=4294967295 ses=4294967295 subj=kernel msg='unit=systemd-tmpfiles-setup-dev comm="systemd" exe="/usr/lib/systemd/systemd" hostname=? addr=? terminal=? res=success'
May 12 18:02:12 ip-172-31-22-70 audit[1]: SERVICE_START pid=1 uid=0 auid=4294967295 ses=4294967295 subj=kernel msg='unit=systemd-sysusers comm="systemd" exe="/usr/lib/systemd/systemd" hostname=? addr=? terminal=? res=success'
May 12 18:02:12 ip-172-31-22-70 audit[1]: SERVICE_START pid=1 uid=0 auid=4294967295 ses=4294967295 subj=kernel msg='unit=systemd-vconsole-setup comm="systemd" exe="/usr/lib/systemd/systemd" hostname=? addr=? terminal=? res=success'
May 12 18:02:12 ip-172-31-22-70 audit[1]: SERVICE_START pid=1 uid=0 auid=4294967295 ses=4294967295 subj=kernel msg='unit=systemd-sysctl comm="systemd" exe="/usr/lib/systemd/systemd" hostname=? addr=? terminal=? res=success'
May 12 18:02:12 ip-172-31-22-70 audit[1]: SERVICE_START pid=1 uid=0 auid=4294967295 ses=4294967295 subj=kernel msg='unit=systemd-tmpfiles-setup-dev comm="systemd" exe="/usr/lib/systemd/systemd" hostname=? addr=? terminal=? res=success'
May 12 18:02:12 ip-172-31-22-70 audit[1]: SERVICE_START pid=1 uid=0 auid=4294967295 ses=4294967295 subj=kernel msg='unit=systemd-journald comm="systemd" exe="/usr/lib/systemd/systemd" hostname=? addr=? terminal=? res=success'
May 12 18:02:12 ip-172-31-22-70 systemd-sysusers[343]: Creating group 'nobody' with GID 65534.
May 12 18:02:12 ip-172-31-22-70 systemd-sysusers[343]: Creating group 'users' with GID 100.
May 12 18:02:12 ip-172-31-22-70 systemd-sysusers[343]: Creating group 'systemd-journal' with GID 190.
May 12 18:02:12 ip-172-31-22-70 systemd[1]: Starting systemd-tmpfiles-setup.service - Create Volatile Files and Directories...
May 12 18:02:12 ip-172-31-22-70 dracut-cmdline[348]: dracut-102-3.amzn2023.0.1
May 12 18:02:12 ip-172-31-22-70 systemd[1]: Started systemd-journald.service - Journal Service.
May 12 18:02:12 ip-172-31-22-70 kernel: audit: type=1130 audit(1747072932.919:6): pid=1 uid=0 auid=4294967295 ses=4294967295 subj=kernel msg='unit=systemd-journald comm="systemd" exe="/usr/lib/systemd/systemd" hostname=? addr=? terminal=? res=success'
May 12 18:02:12 ip-172-31-22-70 systemd-tmpfiles[359]: /usr/lib/tmpfiles.d/var.conf:14: Duplicate line for path "/var/log", ignoring.
May 12 18:02:12 ip-172-31-22-70 dracut-cmdline[348]: Using kernel command line parameters:    BOOT_IMAGE=(hd0,gpt1)/boot/vmlinuz-6.1.132-147.221.amzn2023.x86_64 root=UUID=b1e84820-06b0-4d3b-9b5d-edd836bd5895 ro console=tty0 console=ttyS0,115200n8 nvme_core.io_timeout=4294967295 rd.emergency=poweroff rd.shell=0 selinux=1 security=selinux quiet
May 12 18:02:12 ip-172-31-22-70 systemd[1]: Finished systemd-tmpfiles-setup.service - Create Volatile Files and Directories.
May 12 18:02:12 ip-172-31-22-70 audit[1]: SERVICE_START pid=1 uid=0 auid=4294967295 ses=4294967295 subj=kernel msg='unit=systemd-tmpfiles-setup comm="systemd" exe="/usr/lib/systemd/systemd" hostname=? addr=? terminal=? res=success'
May 12 18:02:12 ip-172-31-22-70 kernel: audit: type=1130 audit(1747072932.929:7): pid=1 uid=0 auid=4294967295 ses=4294967295 subj=kernel msg='unit=systemd-tmpfiles-setup comm="systemd" exe="/usr/lib/systemd/systemd" hostname=? addr=? terminal=? res=success'
May 12 18:02:12 ip-172-31-22-70 systemd[1]: Finished dracut-cmdline.service - dracut cmdline hook.
May 12 18:02:12 ip-172-31-22-70 audit[1]: SERVICE_START pid=1 uid=0 auid=4294967295 ses=4294967295 subj=kernel msg='unit=dracut-cmdline comm="systemd" exe="/usr/lib/systemd/systemd" hostname=? addr=? terminal=? res=success'
May 12 18:02:12 ip-172-31-22-70 systemd[1]: dracut-pre-udev.service - dracut pre-udev hook was skipped because no trigger condition checks were met.
May 12 18:02:12 ip-172-31-22-70 audit: BPF prog-id=6 op=LOAD
May 12 18:02:12 ip-172-31-22-70 audit: BPF prog-id=7 op=LOAD
May 12 18:02:12 ip-172-31-22-70 systemd[1]: Starting systemd-udevd.service - Rule-based Manager for Device Events and Files...
May 12 18:02:12 ip-172-31-22-70 kernel: audit: type=1130 audit(1747072932.959:8): pid=1 uid=0 auid=4294967295 ses=4294967295 subj=kernel msg='unit=dracut-cmdline comm="systemd" exe="/usr/lib/systemd/systemd" hostname=? addr=? terminal=? res=success'
May 12 18:02:12 ip-172-31-22-70 kernel: audit: type=1334 audit(1747072932.959:9): prog-id=6 op=LOAD
May 12 18:02:12 ip-172-31-22-70 kernel: audit: type=1334 audit(1747072932.959:10): prog-id=7 op=LOAD
May 12 18:02:12 ip-172-31-22-70 systemd-udevd[405]: Using default interface naming scheme 'v252'.
May 12 18:02:12 ip-172-31-22-70 systemd[1]: Started systemd-udevd.service - Rule-based Manager for Device Events and Files.
May 12 18:02:12 ip-172-31-22-70 audit[1]: SERVICE_START pid=1 uid=0 auid=4294967295 ses=4294967295 subj=kernel msg='unit=systemd-udevd comm="systemd" exe="/usr/lib/systemd/systemd" hostname=? addr=? terminal=? res=success'
May 12 18:02:12 ip-172-31-22-70 systemd[1]: Starting dracut-pre-trigger.service - dracut pre-trigger hook...
May 12 18:02:13 ip-172-31-22-70 systemd[1]: Finished dracut-pre-trigger.service - dracut pre-trigger hook.
May 12 18:02:13 ip-172-31-22-70 audit[1]: SERVICE_START pid=1 uid=0 auid=4294967295 ses=4294967295 subj=kernel msg='unit=dracut-pre-trigger comm="systemd" exe="/usr/lib/systemd/systemd" hostname=? addr=? terminal=? res=success'
May 12 18:02:13 ip-172-31-22-70 systemd[1]: Starting systemd-udev-trigger.service - Coldplug All udev Devices...
May 12 18:02:13 ip-172-31-22-70 audit[1]: SERVICE_START pid=1 uid=0 auid=4294967295 ses=4294967295 subj=kernel msg='unit=systemd-udev-trigger comm="systemd" exe="/usr/lib/systemd/systemd" hostname=? addr=? terminal=? res=success'
May 12 18:02:13 ip-172-31-22-70 systemd[1]: Finished systemd-udev-trigger.service - Coldplug All udev Devices.
May 12 18:02:13 ip-172-31-22-70 systemd[1]: Reached target sysinit.target - System Initialization.
May 12 18:02:13 ip-172-31-22-70 systemd[1]: Reached target basic.target - Basic System.
May 12 18:02:13 ip-172-31-22-70 systemd[1]: dracut-initqueue.service - dracut initqueue hook was skipped because no trigger condition checks were met.
May 12 18:02:13 ip-172-31-22-70 systemd[1]: Reached target remote-fs-pre.target - Preparation for Remote File Systems.
May 12 18:02:13 ip-172-31-22-70 systemd[1]: Reached target remote-fs.target - Remote File Systems.
May 12 18:02:13 ip-172-31-22-70 systemd[1]: dracut-pre-mount.service - dracut pre-mount hook was skipped because no trigger condition checks were met.
May 12 18:02:13 ip-172-31-22-70 audit[1]: SERVICE_START pid=1 uid=0 auid=4294967295 ses=4294967295 subj=kernel msg='unit=rngd comm="systemd" exe="/usr/lib/systemd/systemd" hostname=? addr=? terminal=? res=success'
May 12 18:02:13 ip-172-31-22-70 systemd[1]: Started rngd.service - Hardware RNG Entropy Gatherer Daemon.
May 12 18:02:13 ip-172-31-22-70 rngd[762]: Disabling 7: PKCS11 Entropy generator (pkcs11)
May 12 18:02:13 ip-172-31-22-70 rngd[762]: Disabling 5: NIST Network Entropy Beacon (nist)
May 12 18:02:13 ip-172-31-22-70 rngd[762]: Initializing available sources
May 12 18:02:13 ip-172-31-22-70 rngd[762]: [hwrng ]: Initialization Failed
May 12 18:02:13 ip-172-31-22-70 rngd[762]: [rdrand]: Enabling RDSEED rng support
May 12 18:02:13 ip-172-31-22-70 rngd[762]: [rdrand]: Initialized
May 12 18:02:13 ip-172-31-22-70 rngd[762]: [jitter]: Initializing AES buffer
May 12 18:02:13 ip-172-31-22-70 systemd[1]: Found device dev-disk-by\x2duuid-b1e84820\x2d06b0\x2d4d3b\x2d9b5d\x2dedd836bd5895.device - Amazon Elastic Block Store /.
May 12 18:02:13 ip-172-31-22-70 systemd[1]: Reached target initrd-root-device.target - Initrd Root Device.
May 12 18:02:13 ip-172-31-22-70 systemd[1]: Mounting sysroot.mount - /sysroot...
May 12 18:02:14 ip-172-31-22-70 kernel: XFS (nvme0n1p1): Mounting V5 Filesystem
May 12 18:02:14 ip-172-31-22-70 kernel: XFS (nvme0n1p1): Ending clean mount
May 12 18:02:14 ip-172-31-22-70 systemd[1]: Mounted sysroot.mount - /sysroot.
May 12 18:02:14 ip-172-31-22-70 systemd[1]: Reached target initrd-root-fs.target - Initrd Root File System.
May 12 18:02:14 ip-172-31-22-70 systemd[1]: Starting initrd-parse-etc.service - Mountpoints Configured in the Real Root...
May 12 18:02:14 ip-172-31-22-70 systemd[1]: initrd-parse-etc.service: Deactivated successfully.
May 12 18:02:14 ip-172-31-22-70 systemd[1]: Finished initrd-parse-etc.service - Mountpoints Configured in the Real Root.
May 12 18:02:14 ip-172-31-22-70 audit[1]: SERVICE_START pid=1 uid=0 auid=4294967295 ses=4294967295 subj=kernel msg='unit=initrd-parse-etc comm="systemd" exe="/usr/lib/systemd/systemd" hostname=? addr=? terminal=? res=success'
May 12 18:02:14 ip-172-31-22-70 audit[1]: SERVICE_STOP pid=1 uid=0 auid=4294967295 ses=4294967295 subj=kernel msg='unit=initrd-parse-etc comm="systemd" exe="/usr/lib/systemd/systemd" hostname=? addr=? terminal=? res=success'
May 12 18:02:14 ip-172-31-22-70 systemd[1]: Reached target initrd-fs.target - Initrd File Systems.
May 12 18:02:14 ip-172-31-22-70 systemd[1]: Reached target initrd.target - Initrd Default Target.
May 12 18:02:14 ip-172-31-22-70 systemd[1]: dracut-mount.service - dracut mount hook was skipped because no trigger condition checks were met.
May 12 18:02:14 ip-172-31-22-70 systemd[1]: dracut-pre-pivot.service - dracut pre-pivot and cleanup hook was skipped because no trigger condition checks were met.
May 12 18:02:14 ip-172-31-22-70 systemd[1]: Starting initrd-cleanup.service - Cleaning Up and Shutting Down Daemons...
May 12 18:02:14 ip-172-31-22-70 systemd[1]: initrd-cleanup.service: Deactivated successfully.
May 12 18:02:14 ip-172-31-22-70 systemd[1]: Finished initrd-cleanup.service - Cleaning Up and Shutting Down Daemons.
May 12 18:02:14 ip-172-31-22-70 audit[1]: SERVICE_START pid=1 uid=0 auid=4294967295 ses=4294967295 subj=kernel msg='unit=initrd-cleanup comm="systemd" exe="/usr/lib/systemd/systemd" hostname=? addr=? terminal=? res=success'
May 12 18:02:14 ip-172-31-22-70 audit[1]: SERVICE_STOP pid=1 uid=0 auid=4294967295 ses=4294967295 subj=kernel msg='unit=initrd-cleanup comm="systemd" exe="/usr/lib/systemd/systemd" hostname=? addr=? terminal=? res=success'
May 12 18:02:14 ip-172-31-22-70 systemd[1]: Stopped target initrd.target - Initrd Default Target.
May 12 18:02:14 ip-172-31-22-70 systemd[1]: Stopped target initrd-root-device.target - Initrd Root Device.
May 12 18:02:14 ip-172-31-22-70 systemd[1]: Stopped target initrd-usr-fs.target - Initrd /usr File System.
May 12 18:02:14 ip-172-31-22-70 systemd[1]: Stopped target remote-fs.target - Remote File Systems.
May 12 18:02:14 ip-172-31-22-70 systemd[1]: Stopped target remote-fs-pre.target - Preparation for Remote File Systems.
May 12 18:02:14 ip-172-31-22-70 systemd[1]: Stopped target timers.target - Timer Units.
May 12 18:02:14 ip-172-31-22-70 systemd[1]: dracut-cmdline.service: Deactivated successfully.
May 12 18:02:14 ip-172-31-22-70 systemd[1]: Stopped dracut-cmdline.service - dracut cmdline hook.
May 12 18:02:14 ip-172-31-22-70 audit[1]: SERVICE_STOP pid=1 uid=0 auid=4294967295 ses=4294967295 subj=kernel msg='unit=dracut-cmdline comm="systemd" exe="/usr/lib/systemd/systemd" hostname=? addr=? terminal=? res=success'
May 12 18:02:14 ip-172-31-22-70 systemd[1]: Stopping rngd.service - Hardware RNG Entropy Gatherer Daemon...
May 12 18:02:14 ip-172-31-22-70 systemd[1]: systemd-vconsole-setup.service: Deactivated successfully.
May 12 18:02:14 ip-172-31-22-70 systemd[1]: Stopped systemd-vconsole-setup.service - Setup Virtual Console.
May 12 18:02:14 ip-172-31-22-70 audit[1]: SERVICE_STOP pid=1 uid=0 auid=4294967295 ses=4294967295 subj=kernel msg='unit=systemd-vconsole-setup comm="systemd" exe="/usr/lib/systemd/systemd" hostname=? addr=? terminal=? res=success'
May 12 18:02:14 ip-172-31-22-70 systemd[1]: rngd.service: Deactivated successfully.
May 12 18:02:14 ip-172-31-22-70 systemd[1]: Stopped rngd.service - Hardware RNG Entropy Gatherer Daemon.
May 12 18:02:14 ip-172-31-22-70 audit[1]: SERVICE_STOP pid=1 uid=0 auid=4294967295 ses=4294967295 subj=kernel msg='unit=rngd comm="systemd" exe="/usr/lib/systemd/systemd" hostname=? addr=? terminal=? res=success'
May 12 18:02:14 ip-172-31-22-70 systemd[1]: rngd.service: Consumed 2.060s CPU time.
May 12 18:02:14 ip-172-31-22-70 systemd[1]: Stopped target basic.target - Basic System.
May 12 18:02:14 ip-172-31-22-70 systemd[1]: Stopped target paths.target - Path Units.
May 12 18:02:14 ip-172-31-22-70 systemd[1]: systemd-ask-password-console.path: Deactivated successfully.
May 12 18:02:14 ip-172-31-22-70 systemd[1]: Stopped systemd-ask-password-console.path - Dispatch Password Requests to Console Directory Watch.
May 12 18:02:14 ip-172-31-22-70 systemd[1]: Stopped target slices.target - Slice Units.
May 12 18:02:14 ip-172-31-22-70 systemd[1]: Stopped target sockets.target - Socket Units.
May 12 18:02:14 ip-172-31-22-70 systemd[1]: Stopped target sysinit.target - System Initialization.
May 12 18:02:14 ip-172-31-22-70 systemd[1]: Stopped target swap.target - Swaps.
May 12 18:02:14 ip-172-31-22-70 systemd[1]: systemd-sysctl.service: Deactivated successfully.
May 12 18:02:14 ip-172-31-22-70 systemd[1]: Stopped systemd-sysctl.service - Apply Kernel Variables.
May 12 18:02:14 ip-172-31-22-70 audit[1]: SERVICE_STOP pid=1 uid=0 auid=4294967295 ses=4294967295 subj=kernel msg='unit=systemd-sysctl comm="systemd" exe="/usr/lib/systemd/systemd" hostname=? addr=? terminal=? res=success'
May 12 18:02:14 ip-172-31-22-70 systemd[1]: systemd-tmpfiles-setup.service: Deactivated successfully.
May 12 18:02:14 ip-172-31-22-70 systemd[1]: Stopped systemd-tmpfiles-setup.service - Create Volatile Files and Directories.
May 12 18:02:14 ip-172-31-22-70 audit[1]: SERVICE_STOP pid=1 uid=0 auid=4294967295 ses=4294967295 subj=kernel msg='unit=systemd-tmpfiles-setup comm="systemd" exe="/usr/lib/systemd/systemd" hostname=? addr=? terminal=? res=success'
May 12 18:02:14 ip-172-31-22-70 systemd[1]: Stopped target local-fs.target - Local File Systems.
May 12 18:02:14 ip-172-31-22-70 systemd[1]: systemd-udev-trigger.service: Deactivated successfully.
May 12 18:02:14 ip-172-31-22-70 systemd[1]: Stopped systemd-udev-trigger.service - Coldplug All udev Devices.
May 12 18:02:14 ip-172-31-22-70 audit[1]: SERVICE_STOP pid=1 uid=0 auid=4294967295 ses=4294967295 subj=kernel msg='unit=systemd-udev-trigger comm="systemd" exe="/usr/lib/systemd/systemd" hostname=? addr=? terminal=? res=success'
May 12 18:02:14 ip-172-31-22-70 systemd[1]: dracut-pre-trigger.service: Deactivated successfully.
May 12 18:02:14 ip-172-31-22-70 systemd[1]: Stopped dracut-pre-trigger.service - dracut pre-trigger hook.
May 12 18:02:14 ip-172-31-22-70 audit[1]: SERVICE_STOP pid=1 uid=0 auid=4294967295 ses=4294967295 subj=kernel msg='unit=dracut-pre-trigger comm="systemd" exe="/usr/lib/systemd/systemd" hostname=? addr=? terminal=? res=success'
May 12 18:02:14 ip-172-31-22-70 systemd[1]: Stopping systemd-udevd.service - Rule-based Manager for Device Events and Files...
May 12 18:02:14 ip-172-31-22-70 systemd[1]: run-credentials-systemd\x2dtmpfiles\x2dsetup.service.mount: Deactivated successfully.
May 12 18:02:14 ip-172-31-22-70 systemd[1]: run-credentials-systemd\x2dsysctl.service.mount: Deactivated successfully.
May 12 18:02:14 ip-172-31-22-70 systemd[1]: systemd-udevd.service: Deactivated successfully.
May 12 18:02:14 ip-172-31-22-70 systemd[1]: Stopped systemd-udevd.service - Rule-based Manager for Device Events and Files.
May 12 18:02:14 ip-172-31-22-70 audit[1]: SERVICE_STOP pid=1 uid=0 auid=4294967295 ses=4294967295 subj=kernel msg='unit=systemd-udevd comm="systemd" exe="/usr/lib/systemd/systemd" hostname=? addr=? terminal=? res=success'
May 12 18:02:14 ip-172-31-22-70 systemd[1]: systemd-udevd-control.socket: Deactivated successfully.
May 12 18:02:14 ip-172-31-22-70 systemd[1]: Closed systemd-udevd-control.socket - udev Control Socket.
May 12 18:02:14 ip-172-31-22-70 systemd[1]: systemd-udevd-kernel.socket: Deactivated successfully.
May 12 18:02:14 ip-172-31-22-70 systemd[1]: Closed systemd-udevd-kernel.socket - udev Kernel Socket.
May 12 18:02:14 ip-172-31-22-70 audit[1]: SERVICE_STOP pid=1 uid=0 auid=4294967295 ses=4294967295 subj=kernel msg='unit=systemd-tmpfiles-setup-dev comm="systemd" exe="/usr/lib/systemd/systemd" hostname=? addr=? terminal=? res=success'
May 12 18:02:14 ip-172-31-22-70 audit[1]: SERVICE_STOP pid=1 uid=0 auid=4294967295 ses=4294967295 subj=kernel msg='unit=systemd-sysusers comm="systemd" exe="/usr/lib/systemd/systemd" hostname=? addr=? terminal=? res=success'
May 12 18:02:14 ip-172-31-22-70 systemd[1]: Starting initrd-udevadm-cleanup-db.service - Cleanup udev Database...
May 12 18:02:14 ip-172-31-22-70 systemd[1]: systemd-tmpfiles-setup-dev.service: Deactivated successfully.
May 12 18:02:14 ip-172-31-22-70 systemd[1]: Stopped systemd-tmpfiles-setup-dev.service - Create Static Device Nodes in /dev.
May 12 18:02:14 ip-172-31-22-70 systemd[1]: systemd-sysusers.service: Deactivated successfully.
May 12 18:02:14 ip-172-31-22-70 systemd[1]: Stopped systemd-sysusers.service - Create System Users.
May 12 18:02:14 ip-172-31-22-70 systemd[1]: run-credentials-systemd\x2dtmpfiles\x2dsetup\x2ddev.service.mount: Deactivated successfully.
May 12 18:02:14 ip-172-31-22-70 systemd[1]: run-credentials-systemd\x2dsysusers.service.mount: Deactivated successfully.
May 12 18:02:14 ip-172-31-22-70 systemd[1]: initrd-udevadm-cleanup-db.service: Deactivated successfully.
May 12 18:02:14 ip-172-31-22-70 systemd[1]: Finished initrd-udevadm-cleanup-db.service - Cleanup udev Database.
May 12 18:02:14 ip-172-31-22-70 audit[1]: SERVICE_START pid=1 uid=0 auid=4294967295 ses=4294967295 subj=kernel msg='unit=initrd-udevadm-cleanup-db comm="systemd" exe="/usr/lib/systemd/systemd" hostname=? addr=? terminal=? res=success'
May 12 18:02:14 ip-172-31-22-70 audit[1]: SERVICE_STOP pid=1 uid=0 auid=4294967295 ses=4294967295 subj=kernel msg='unit=initrd-udevadm-cleanup-db comm="systemd" exe="/usr/lib/systemd/systemd" hostname=? addr=? terminal=? res=success'
May 12 18:02:14 ip-172-31-22-70 systemd[1]: Reached target initrd-switch-root.target - Switch Root.
May 12 18:02:14 ip-172-31-22-70 systemd[1]: Starting initrd-switch-root.service - Switch Root...
May 12 18:02:14 ip-172-31-22-70 systemd[1]: Switching root.
May 12 18:02:14 ip-172-31-22-70 systemd-journald[341]: Journal stopped
May 12 18:02:16 ip-172-31-22-70 systemd-journald[341]: Received SIGTERM from PID 1 (systemd).
May 12 18:02:16 ip-172-31-22-70 kernel: SELinux:  Class user_namespace not defined in policy.
May 12 18:02:16 ip-172-31-22-70 kernel: SELinux: the above unknown classes and permissions will be allowed
May 12 18:02:16 ip-172-31-22-70 kernel: SELinux:  policy capability network_peer_controls=1
May 12 18:02:16 ip-172-31-22-70 kernel: SELinux:  policy capability open_perms=1
May 12 18:02:16 ip-172-31-22-70 kernel: SELinux:  policy capability extended_socket_class=1
May 12 18:02:16 ip-172-31-22-70 kernel: SELinux:  policy capability always_check_network=0
May 12 18:02:16 ip-172-31-22-70 kernel: SELinux:  policy capability cgroup_seclabel=1
May 12 18:02:16 ip-172-31-22-70 kernel: SELinux:  policy capability nnp_nosuid_transition=1
May 12 18:02:16 ip-172-31-22-70 kernel: SELinux:  policy capability genfs_seclabel_symlinks=1
May 12 18:02:16 ip-172-31-22-70 kernel: SELinux:  policy capability ioctl_skip_cloexec=0
May 12 18:02:16 ip-172-31-22-70 systemd[1]: Successfully loaded SELinux policy in 209.356ms.
May 12 18:02:16 ip-172-31-22-70 systemd[1]: Relabelled /dev, /dev/shm, /run, /sys/fs/cgroup in 20.635ms.
May 12 18:02:16 ip-172-31-22-70 systemd[1]: systemd 252.23-3.amzn2023 running in system mode (+PAM +AUDIT +SELINUX -APPARMOR +IMA +SMACK +SECCOMP -GCRYPT -GNUTLS +OPENSSL +ACL +BLKID +CURL +ELFUTILS +FIDO2 +IDN2 -IDN -IPTC +KMOD +LIBCRYPTSETUP +LIBFDISK +PCRE2 +PWQUALITY +P11KIT +QRENCODE +TPM2 -BZIP2 -LZ4 +XZ -ZLIB -ZSTD +BPF_FRAMEWORK +XKBCOMMON +UTMP +SYSVINIT default-hierarchy=unified)
May 12 18:02:16 ip-172-31-22-70 systemd[1]: Detected virtualization amazon.
May 12 18:02:16 ip-172-31-22-70 systemd[1]: Detected architecture x86-64.
May 12 18:02:16 ip-172-31-22-70 systemd[1]: Hostname set to <ip-172-31-22-70.us-east-2.compute.internal>.
May 12 18:02:16 ip-172-31-22-70 systemd[1]: bpf-lsm: LSM BPF program attached
May 12 18:02:16 ip-172-31-22-70 zram_generator::config[805]: zram0: system has too much memory (904MB), limit is 800MB, ignoring.
May 12 18:02:16 ip-172-31-22-70 systemd[1]: /usr/lib/systemd/system/acpid.socket:6: ListenStream= references a path below legacy directory /var/run/, updating /var/run/acpid.socket  /run/acpid.socket; please update the unit file accordingly.
May 12 18:02:16 ip-172-31-22-70 systemd[1]: initrd-switch-root.service: Deactivated successfully.
May 12 18:02:16 ip-172-31-22-70 systemd[1]: Stopped initrd-switch-root.service - Switch Root.
May 12 18:02:16 ip-172-31-22-70 systemd[1]: systemd-journald.service: Scheduled restart job, restart counter is at 1.
May 12 18:02:16 ip-172-31-22-70 systemd[1]: Created slice system-getty.slice - Slice /system/getty.
May 12 18:02:16 ip-172-31-22-70 systemd[1]: Created slice system-modprobe.slice - Slice /system/modprobe.
May 12 18:02:16 ip-172-31-22-70 systemd[1]: Created slice system-serial\x2dgetty.slice - Slice /system/serial-getty.
May 12 18:02:16 ip-172-31-22-70 systemd[1]: Created slice system-sshd\x2dkeygen.slice - Slice /system/sshd-keygen.
May 12 18:02:16 ip-172-31-22-70 systemd[1]: Created slice user.slice - User and Session Slice.
May 12 18:02:16 ip-172-31-22-70 systemd[1]: Started systemd-ask-password-console.path - Dispatch Password Requests to Console Directory Watch.
May 12 18:02:16 ip-172-31-22-70 systemd[1]: Started systemd-ask-password-wall.path - Forward Password Requests to Wall Directory Watch.
May 12 18:02:16 ip-172-31-22-70 systemd[1]: Set up automount proc-sys-fs-binfmt_misc.automount - Arbitrary Executable File Formats File System Automount Point.
May 12 18:02:16 ip-172-31-22-70 systemd[1]: Expecting device dev-ttyS0.device - /dev/ttyS0...
May 12 18:02:16 ip-172-31-22-70 systemd[1]: Reached target aws-eb.target.
May 12 18:02:16 ip-172-31-22-70 systemd[1]: Reached target cryptsetup.target - Local Encrypted Volumes.
May 12 18:02:16 ip-172-31-22-70 systemd[1]: Stopped target initrd-switch-root.target - Switch Root.
May 12 18:02:16 ip-172-31-22-70 systemd[1]: Stopped target initrd-fs.target - Initrd File Systems.
May 12 18:02:16 ip-172-31-22-70 systemd[1]: Stopped target initrd-root-fs.target - Initrd Root File System.
May 12 18:02:16 ip-172-31-22-70 systemd[1]: Reached target integritysetup.target - Local Integrity Protected Volumes.
May 12 18:02:16 ip-172-31-22-70 systemd[1]: Reached target paths.target - Path Units.
May 12 18:02:16 ip-172-31-22-70 systemd[1]: Reached target slices.target - Slice Units.
May 12 18:02:16 ip-172-31-22-70 systemd[1]: Reached target swap.target - Swaps.
May 12 18:02:16 ip-172-31-22-70 systemd[1]: Reached target veritysetup.target - Local Verity Protected Volumes.
May 12 18:02:16 ip-172-31-22-70 systemd[1]: Listening on systemd-coredump.socket - Process Core Dump Socket.
May 12 18:02:16 ip-172-31-22-70 systemd[1]: Listening on systemd-initctl.socket - initctl Compatibility Named Pipe.
May 12 18:02:16 ip-172-31-22-70 systemd[1]: Listening on systemd-networkd.socket - Network Service Netlink Socket.
May 12 18:02:16 ip-172-31-22-70 systemd[1]: Listening on systemd-udevd-control.socket - udev Control Socket.
May 12 18:02:16 ip-172-31-22-70 systemd[1]: Listening on systemd-udevd-kernel.socket - udev Kernel Socket.
May 12 18:02:16 ip-172-31-22-70 systemd[1]: Listening on systemd-userdbd.socket - User Database Manager Socket.
May 12 18:02:16 ip-172-31-22-70 systemd[1]: Mounting dev-hugepages.mount - Huge Pages File System...
May 12 18:02:16 ip-172-31-22-70 systemd[1]: Mounting dev-mqueue.mount - POSIX Message Queue File System...
May 12 18:02:16 ip-172-31-22-70 systemd[1]: Mounting sys-kernel-debug.mount - Kernel Debug File System...
May 12 18:02:16 ip-172-31-22-70 systemd[1]: Mounting sys-kernel-tracing.mount - Kernel Trace File System...
May 12 18:02:16 ip-172-31-22-70 systemd[1]: Mounting tmp.mount - Temporary Directory /tmp...
May 12 18:02:16 ip-172-31-22-70 systemd[1]: auth-rpcgss-module.service - Kernel Module supporting RPCSEC_GSS was skipped because of an unmet condition check (ConditionPathExists=/etc/krb5.keytab).
May 12 18:02:16 ip-172-31-22-70 systemd[1]: Starting kmod-static-nodes.service - Create List of Static Device Nodes...
May 12 18:02:16 ip-172-31-22-70 systemd[1]: Starting modprobe@configfs.service - Load Kernel Module configfs...
May 12 18:02:16 ip-172-31-22-70 systemd[1]: Starting modprobe@dm_mod.service - Load Kernel Module dm_mod...
May 12 18:02:16 ip-172-31-22-70 systemd[1]: Starting modprobe@drm.service - Load Kernel Module drm...
May 12 18:02:16 ip-172-31-22-70 systemd[1]: Starting modprobe@efi_pstore.service - Load Kernel Module efi_pstore...
May 12 18:02:16 ip-172-31-22-70 systemd[1]: Starting modprobe@fuse.service - Load Kernel Module fuse...
May 12 18:02:16 ip-172-31-22-70 systemd[1]: Starting modprobe@loop.service - Load Kernel Module loop...
May 12 18:02:16 ip-172-31-22-70 systemd[1]: Starting nfs-convert.service - Preprocess NFS configuration convertion...
May 12 18:02:16 ip-172-31-22-70 systemd[1]: Starting systemd-fsck-root.service - File System Check on Root Device...
May 12 18:02:16 ip-172-31-22-70 systemd[1]: Stopped systemd-journald.service - Journal Service.
May 12 18:02:16 ip-172-31-22-70 systemd[1]: Starting systemd-journald.service - Journal Service...
May 12 18:02:16 ip-172-31-22-70 systemd[1]: systemd-modules-load.service - Load Kernel Modules was skipped because no trigger condition checks were met.
May 12 18:02:16 ip-172-31-22-70 systemd[1]: Starting systemd-network-generator.service - Generate network units from Kernel command line...
May 12 18:02:16 ip-172-31-22-70 systemd[1]: Starting systemd-sysctl.service - Apply Kernel Variables...
May 12 18:02:16 ip-172-31-22-70 systemd[1]: Starting systemd-udev-trigger.service - Coldplug All udev Devices...
May 12 18:02:16 ip-172-31-22-70 systemd[1]: Mounted dev-hugepages.mount - Huge Pages File System.
May 12 18:02:16 ip-172-31-22-70 systemd[1]: Mounted dev-mqueue.mount - POSIX Message Queue File System.
May 12 18:02:16 ip-172-31-22-70 systemd[1]: Mounted sys-kernel-debug.mount - Kernel Debug File System.
May 12 18:02:16 ip-172-31-22-70 systemd[1]: Mounted sys-kernel-tracing.mount - Kernel Trace File System.
May 12 18:02:16 ip-172-31-22-70 systemd[1]: Mounted tmp.mount - Temporary Directory /tmp.
May 12 18:02:16 ip-172-31-22-70 systemd[1]: Finished kmod-static-nodes.service - Create List of Static Device Nodes.
May 12 18:02:16 ip-172-31-22-70 systemd[1]: modprobe@drm.service: Deactivated successfully.
May 12 18:02:16 ip-172-31-22-70 kernel: device-mapper: core: CONFIG_IMA_DISABLE_HTABLE is disabled. Duplicate IMA measurements will not be recorded in the IMA log.
May 12 18:02:16 ip-172-31-22-70 kernel: device-mapper: uevent: version 1.0.3
May 12 18:02:16 ip-172-31-22-70 kernel: device-mapper: ioctl: 4.47.0-ioctl (2022-07-28) initialised: dm-devel@redhat.com
May 12 18:02:16 ip-172-31-22-70 systemd-journald[826]: Journal started
May 12 18:02:16 ip-172-31-22-70 systemd-journald[826]: Runtime Journal (/run/log/journal/ec2cd76a03723bbdb1268a12ff3cbb5f) is 2.2M, max 18.0M, 15.8M free.
May 12 18:02:16 ip-172-31-22-70 audit: MAC_POLICY_LOAD auid=4294967295 ses=4294967295 lsm=selinux res=1
May 12 18:02:16 ip-172-31-22-70 audit: BPF prog-id=8 op=LOAD
May 12 18:02:16 ip-172-31-22-70 audit: BPF prog-id=8 op=UNLOAD
May 12 18:02:16 ip-172-31-22-70 audit: BPF prog-id=9 op=LOAD
May 12 18:02:16 ip-172-31-22-70 audit: BPF prog-id=9 op=UNLOAD
May 12 18:02:16 ip-172-31-22-70 audit: BPF prog-id=10 op=LOAD
May 12 18:02:16 ip-172-31-22-70 audit: BPF prog-id=10 op=UNLOAD
May 12 18:02:16 ip-172-31-22-70 audit: BPF prog-id=11 op=LOAD
May 12 18:02:16 ip-172-31-22-70 audit: BPF prog-id=11 op=UNLOAD
May 12 18:02:16 ip-172-31-22-70 audit: BPF prog-id=12 op=LOAD
May 12 18:02:16 ip-172-31-22-70 audit: BPF prog-id=12 op=UNLOAD
May 12 18:02:16 ip-172-31-22-70 audit: BPF prog-id=13 op=LOAD
May 12 18:02:16 ip-172-31-22-70 audit: BPF prog-id=13 op=UNLOAD
May 12 18:02:16 ip-172-31-22-70 audit: BPF prog-id=14 op=LOAD
May 12 18:02:16 ip-172-31-22-70 audit: BPF prog-id=15 op=LOAD
May 12 18:02:16 ip-172-31-22-70 audit: BPF prog-id=14 op=UNLOAD
May 12 18:02:16 ip-172-31-22-70 audit: BPF prog-id=15 op=UNLOAD
May 12 18:02:16 ip-172-31-22-70 audit: BPF prog-id=16 op=LOAD
May 12 18:02:16 ip-172-31-22-70 audit: BPF prog-id=16 op=UNLOAD
May 12 18:02:16 ip-172-31-22-70 audit: BPF prog-id=17 op=LOAD
May 12 18:02:16 ip-172-31-22-70 audit: BPF prog-id=17 op=UNLOAD
May 12 18:02:16 ip-172-31-22-70 audit: BPF prog-id=18 op=LOAD
May 12 18:02:16 ip-172-31-22-70 audit: BPF prog-id=18 op=UNLOAD
May 12 18:02:16 ip-172-31-22-70 audit: BPF prog-id=19 op=LOAD
May 12 18:02:16 ip-172-31-22-70 audit: BPF prog-id=19 op=UNLOAD
May 12 18:02:16 ip-172-31-22-70 audit: BPF prog-id=20 op=LOAD
May 12 18:02:16 ip-172-31-22-70 audit: BPF prog-id=21 op=LOAD
May 12 18:02:16 ip-172-31-22-70 audit: BPF prog-id=21 op=UNLOAD
May 12 18:02:16 ip-172-31-22-70 audit: BPF prog-id=22 op=LOAD
May 12 18:02:16 ip-172-31-22-70 audit: BPF prog-id=20 op=UNLOAD
May 12 18:02:16 ip-172-31-22-70 audit: BPF prog-id=22 op=UNLOAD
May 12 18:02:16 ip-172-31-22-70 audit: BPF prog-id=23 op=LOAD
May 12 18:02:16 ip-172-31-22-70 audit: BPF prog-id=23 op=UNLOAD
May 12 18:02:16 ip-172-31-22-70 audit: BPF prog-id=24 op=LOAD
May 12 18:02:16 ip-172-31-22-70 audit: BPF prog-id=24 op=UNLOAD
May 12 18:02:16 ip-172-31-22-70 audit: BPF prog-id=25 op=LOAD
May 12 18:02:16 ip-172-31-22-70 audit: BPF prog-id=25 op=UNLOAD
May 12 18:02:16 ip-172-31-22-70 audit: BPF prog-id=26 op=LOAD
May 12 18:02:16 ip-172-31-22-70 audit: BPF prog-id=26 op=UNLOAD
May 12 18:02:16 ip-172-31-22-70 audit: BPF prog-id=27 op=LOAD
May 12 18:02:16 ip-172-31-22-70 audit: BPF prog-id=28 op=LOAD
May 12 18:02:16 ip-172-31-22-70 audit: BPF prog-id=3 op=UNLOAD
May 12 18:02:16 ip-172-31-22-70 audit: BPF prog-id=29 op=LOAD
May 12 18:02:16 ip-172-31-22-70 audit: BPF prog-id=30 op=LOAD
May 12 18:02:16 ip-172-31-22-70 audit: BPF prog-id=4 op=UNLOAD
May 12 18:02:16 ip-172-31-22-70 audit: BPF prog-id=5 op=UNLOAD
May 12 18:02:16 ip-172-31-22-70 audit: BPF prog-id=31 op=LOAD
May 12 18:02:16 ip-172-31-22-70 audit: BPF prog-id=28 op=UNLOAD
May 12 18:02:16 ip-172-31-22-70 audit: BPF prog-id=32 op=LOAD
May 12 18:02:16 ip-172-31-22-70 audit: BPF prog-id=33 op=LOAD
May 12 18:02:16 ip-172-31-22-70 audit: BPF prog-id=29 op=UNLOAD
May 12 18:02:16 ip-172-31-22-70 audit: BPF prog-id=30 op=UNLOAD
May 12 18:02:16 ip-172-31-22-70 audit[1]: SERVICE_STOP pid=1 uid=0 auid=4294967295 ses=4294967295 subj=system_u:system_r:init_t:s0 msg='unit=systemd-journald comm="systemd" exe="/usr/lib/systemd/systemd" hostname=? addr=? terminal=? res=success'
May 12 18:02:16 ip-172-31-22-70 audit: BPF prog-id=31 op=UNLOAD
May 12 18:02:16 ip-172-31-22-70 audit[1]: SERVICE_START pid=1 uid=0 auid=4294967295 ses=4294967295 subj=system_u:system_r:init_t:s0 msg='unit=initrd-switch-root comm="systemd" exe="/usr/lib/systemd/systemd" hostname=? addr=? terminal=? res=success'
May 12 18:02:16 ip-172-31-22-70 audit[1]: SERVICE_STOP pid=1 uid=0 auid=4294967295 ses=4294967295 subj=system_u:system_r:init_t:s0 msg='unit=initrd-switch-root comm="systemd" exe="/usr/lib/systemd/systemd" hostname=? addr=? terminal=? res=success'
May 12 18:02:16 ip-172-31-22-70 audit[1]: SERVICE_START pid=1 uid=0 auid=4294967295 ses=4294967295 subj=system_u:system_r:init_t:s0 msg='unit=systemd-journald comm="systemd" exe="/usr/lib/systemd/systemd" hostname=? addr=? terminal=? res=success'
May 12 18:02:16 ip-172-31-22-70 audit[1]: SERVICE_STOP pid=1 uid=0 auid=4294967295 ses=4294967295 subj=system_u:system_r:init_t:s0 msg='unit=systemd-journald comm="systemd" exe="/usr/lib/systemd/systemd" hostname=? addr=? terminal=? res=success'
May 12 18:02:16 ip-172-31-22-70 audit: BPF prog-id=34 op=LOAD
May 12 18:02:16 ip-172-31-22-70 audit: BPF prog-id=35 op=LOAD
May 12 18:02:16 ip-172-31-22-70 audit: BPF prog-id=36 op=LOAD
May 12 18:02:16 ip-172-31-22-70 audit: BPF prog-id=32 op=UNLOAD
May 12 18:02:16 ip-172-31-22-70 audit: BPF prog-id=33 op=UNLOAD
May 12 18:02:16 ip-172-31-22-70 audit[1]: SERVICE_START pid=1 uid=0 auid=4294967295 ses=4294967295 subj=system_u:system_r:init_t:s0 msg='unit=kmod-static-nodes comm="systemd" exe="/usr/lib/systemd/systemd" hostname=? addr=? terminal=? res=success'
May 12 18:02:16 ip-172-31-22-70 audit: CONFIG_CHANGE op=set audit_enabled=1 old=1 auid=4294967295 ses=4294967295 subj=system_u:system_r:syslogd_t:s0 res=1
May 12 18:02:16 ip-172-31-22-70 audit[826]: SYSCALL arch=c000003e syscall=46 success=yes exit=60 a0=6 a1=7ffe22cbe370 a2=4000 a3=7ffe22cbe3fc items=0 ppid=1 pid=826 auid=4294967295 uid=0 gid=0 euid=0 suid=0 fsuid=0 egid=0 sgid=0 fsgid=0 tty=(none) ses=4294967295 comm="systemd-journal" exe="/usr/lib/systemd/systemd-journald" subj=system_u:system_r:syslogd_t:s0 key=(null)
May 12 18:02:16 ip-172-31-22-70 audit: PROCTITLE proctitle="/usr/lib/systemd/systemd-journald"
May 12 18:02:16 ip-172-31-22-70 systemd[1]: Queued start job for default target graphical.target.
May 12 18:02:16 ip-172-31-22-70 systemd[1]: systemd-journald.service: Deactivated successfully.
May 12 18:02:16 ip-172-31-22-70 systemd-fsck[833]: /usr/sbin/fsck.xfs: XFS file system.
May 12 18:02:16 ip-172-31-22-70 kernel: fuse: init (API version 7.38)
May 12 18:02:16 ip-172-31-22-70 kernel: loop: module loaded
May 12 18:02:16 ip-172-31-22-70 audit[1]: SERVICE_START pid=1 uid=0 auid=4294967295 ses=4294967295 subj=system_u:system_r:init_t:s0 msg='unit=modprobe@drm comm="systemd" exe="/usr/lib/systemd/systemd" hostname=? addr=? terminal=? res=success'
May 12 18:02:16 ip-172-31-22-70 audit[1]: SERVICE_STOP pid=1 uid=0 auid=4294967295 ses=4294967295 subj=system_u:system_r:init_t:s0 msg='unit=modprobe@drm comm="systemd" exe="/usr/lib/systemd/systemd" hostname=? addr=? terminal=? res=success'
May 12 18:02:16 ip-172-31-22-70 audit[1]: SERVICE_START pid=1 uid=0 auid=4294967295 ses=4294967295 subj=system_u:system_r:init_t:s0 msg='unit=systemd-journald comm="systemd" exe="/usr/lib/systemd/systemd" hostname=? addr=? terminal=? res=success'
May 12 18:02:16 ip-172-31-22-70 systemd[1]: modprobe@configfs.service: Deactivated successfully.
May 12 18:02:16 ip-172-31-22-70 systemd[1]: Finished modprobe@drm.service - Load Kernel Module drm.
May 12 18:02:16 ip-172-31-22-70 systemd[1]: Started systemd-journald.service - Journal Service.
May 12 18:02:16 ip-172-31-22-70 audit[1]: SERVICE_START pid=1 uid=0 auid=4294967295 ses=4294967295 subj=system_u:system_r:init_t:s0 msg='unit=modprobe@configfs comm="systemd" exe="/usr/lib/systemd/systemd" hostname=? addr=? terminal=? res=success'
May 12 18:02:16 ip-172-31-22-70 audit[1]: SERVICE_STOP pid=1 uid=0 auid=4294967295 ses=4294967295 subj=system_u:system_r:init_t:s0 msg='unit=modprobe@configfs comm="systemd" exe="/usr/lib/systemd/systemd" hostname=? addr=? terminal=? res=success'
May 12 18:02:16 ip-172-31-22-70 systemd[1]: Finished modprobe@configfs.service - Load Kernel Module configfs.
May 12 18:02:16 ip-172-31-22-70 systemd[1]: modprobe@dm_mod.service: Deactivated successfully.
May 12 18:02:16 ip-172-31-22-70 systemd[1]: Finished modprobe@dm_mod.service - Load Kernel Module dm_mod.
May 12 18:02:16 ip-172-31-22-70 audit[1]: SERVICE_START pid=1 uid=0 auid=4294967295 ses=4294967295 subj=system_u:system_r:init_t:s0 msg='unit=modprobe@dm_mod comm="systemd" exe="/usr/lib/systemd/systemd" hostname=? addr=? terminal=? res=success'
May 12 18:02:16 ip-172-31-22-70 audit[1]: SERVICE_STOP pid=1 uid=0 auid=4294967295 ses=4294967295 subj=system_u:system_r:init_t:s0 msg='unit=modprobe@dm_mod comm="systemd" exe="/usr/lib/systemd/systemd" hostname=? addr=? terminal=? res=success'
May 12 18:02:16 ip-172-31-22-70 systemd[1]: modprobe@efi_pstore.service: Deactivated successfully.
May 12 18:02:16 ip-172-31-22-70 systemd[1]: Finished modprobe@efi_pstore.service - Load Kernel Module efi_pstore.
May 12 18:02:16 ip-172-31-22-70 audit[1]: SERVICE_START pid=1 uid=0 auid=4294967295 ses=4294967295 subj=system_u:system_r:init_t:s0 msg='unit=modprobe@efi_pstore comm="systemd" exe="/usr/lib/systemd/systemd" hostname=? addr=? terminal=? res=success'
May 12 18:02:16 ip-172-31-22-70 audit[1]: SERVICE_STOP pid=1 uid=0 auid=4294967295 ses=4294967295 subj=system_u:system_r:init_t:s0 msg='unit=modprobe@efi_pstore comm="systemd" exe="/usr/lib/systemd/systemd" hostname=? addr=? terminal=? res=success'
May 12 18:02:16 ip-172-31-22-70 systemd[1]: modprobe@fuse.service: Deactivated successfully.
May 12 18:02:16 ip-172-31-22-70 systemd[1]: Finished modprobe@fuse.service - Load Kernel Module fuse.
May 12 18:02:16 ip-172-31-22-70 audit[1]: SERVICE_START pid=1 uid=0 auid=4294967295 ses=4294967295 subj=system_u:system_r:init_t:s0 msg='unit=modprobe@fuse comm="systemd" exe="/usr/lib/systemd/systemd" hostname=? addr=? terminal=? res=success'
May 12 18:02:16 ip-172-31-22-70 audit[1]: SERVICE_STOP pid=1 uid=0 auid=4294967295 ses=4294967295 subj=system_u:system_r:init_t:s0 msg='unit=modprobe@fuse comm="systemd" exe="/usr/lib/systemd/systemd" hostname=? addr=? terminal=? res=success'
May 12 18:02:16 ip-172-31-22-70 systemd[1]: modprobe@loop.service: Deactivated successfully.
May 12 18:02:16 ip-172-31-22-70 systemd[1]: Finished modprobe@loop.service - Load Kernel Module loop.
May 12 18:02:16 ip-172-31-22-70 audit[1]: SERVICE_START pid=1 uid=0 auid=4294967295 ses=4294967295 subj=system_u:system_r:init_t:s0 msg='unit=modprobe@loop comm="systemd" exe="/usr/lib/systemd/systemd" hostname=? addr=? terminal=? res=success'
May 12 18:02:16 ip-172-31-22-70 audit[1]: SERVICE_STOP pid=1 uid=0 auid=4294967295 ses=4294967295 subj=system_u:system_r:init_t:s0 msg='unit=modprobe@loop comm="systemd" exe="/usr/lib/systemd/systemd" hostname=? addr=? terminal=? res=success'
May 12 18:02:16 ip-172-31-22-70 systemd[1]: nfs-convert.service: Deactivated successfully.
May 12 18:02:16 ip-172-31-22-70 systemd[1]: Finished nfs-convert.service - Preprocess NFS configuration convertion.
May 12 18:02:16 ip-172-31-22-70 audit[1]: SERVICE_START pid=1 uid=0 auid=4294967295 ses=4294967295 subj=system_u:system_r:init_t:s0 msg='unit=nfs-convert comm="systemd" exe="/usr/lib/systemd/systemd" hostname=? addr=? terminal=? res=success'
May 12 18:02:16 ip-172-31-22-70 audit[1]: SERVICE_STOP pid=1 uid=0 auid=4294967295 ses=4294967295 subj=system_u:system_r:init_t:s0 msg='unit=nfs-convert comm="systemd" exe="/usr/lib/systemd/systemd" hostname=? addr=? terminal=? res=success'
May 12 18:02:16 ip-172-31-22-70 systemd[1]: Finished systemd-fsck-root.service - File System Check on Root Device.
May 12 18:02:16 ip-172-31-22-70 audit[1]: SERVICE_START pid=1 uid=0 auid=4294967295 ses=4294967295 subj=system_u:system_r:init_t:s0 msg='unit=systemd-fsck-root comm="systemd" exe="/usr/lib/systemd/systemd" hostname=? addr=? terminal=? res=success'
May 12 18:02:16 ip-172-31-22-70 systemd[1]: Finished systemd-network-generator.service - Generate network units from Kernel command line.
May 12 18:02:16 ip-172-31-22-70 audit[1]: SERVICE_START pid=1 uid=0 auid=4294967295 ses=4294967295 subj=system_u:system_r:init_t:s0 msg='unit=systemd-network-generator comm="systemd" exe="/usr/lib/systemd/systemd" hostname=? addr=? terminal=? res=success'
May 12 18:02:17 ip-172-31-22-70 systemd[1]: Finished systemd-sysctl.service - Apply Kernel Variables.
May 12 18:02:17 ip-172-31-22-70 audit[1]: SERVICE_START pid=1 uid=0 auid=4294967295 ses=4294967295 subj=system_u:system_r:init_t:s0 msg='unit=systemd-sysctl comm="systemd" exe="/usr/lib/systemd/systemd" hostname=? addr=? terminal=? res=success'
May 12 18:02:17 ip-172-31-22-70 systemd[1]: Finished systemd-udev-trigger.service - Coldplug All udev Devices.
May 12 18:02:17 ip-172-31-22-70 audit[1]: SERVICE_START pid=1 uid=0 auid=4294967295 ses=4294967295 subj=system_u:system_r:init_t:s0 msg='unit=systemd-udev-trigger comm="systemd" exe="/usr/lib/systemd/systemd" hostname=? addr=? terminal=? res=success'
May 12 18:02:17 ip-172-31-22-70 systemd[1]: Mounting sys-fs-fuse-connections.mount - FUSE Control File System...
May 12 18:02:17 ip-172-31-22-70 systemd[1]: Mounting sys-kernel-config.mount - Kernel Configuration File System...
May 12 18:02:17 ip-172-31-22-70 systemd[1]: Starting systemd-remount-fs.service - Remount Root and Kernel File Systems...
May 12 18:02:17 ip-172-31-22-70 systemd[1]: systemd-repart.service - Repartition Root Disk was skipped because no trigger condition checks were met.
May 12 18:02:17 ip-172-31-22-70 systemd[1]: Mounted sys-fs-fuse-connections.mount - FUSE Control File System.
May 12 18:02:17 ip-172-31-22-70 systemd[1]: Mounted sys-kernel-config.mount - Kernel Configuration File System.
May 12 18:02:17 ip-172-31-22-70 systemd[1]: Finished systemd-remount-fs.service - Remount Root and Kernel File Systems.
May 12 18:02:17 ip-172-31-22-70 audit[1]: SERVICE_START pid=1 uid=0 auid=4294967295 ses=4294967295 subj=system_u:system_r:init_t:s0 msg='unit=systemd-remount-fs comm="systemd" exe="/usr/lib/systemd/systemd" hostname=? addr=? terminal=? res=success'
May 12 18:02:17 ip-172-31-22-70 systemd[1]: systemd-firstboot.service - First Boot Wizard was skipped because of an unmet condition check (ConditionFirstBoot=yes).
May 12 18:02:17 ip-172-31-22-70 systemd[1]: systemd-hwdb-update.service - Rebuild Hardware Database was skipped because of an unmet condition check (ConditionNeedsUpdate=/etc).
May 12 18:02:17 ip-172-31-22-70 systemd[1]: Starting systemd-journal-flush.service - Flush Journal to Persistent Storage...
May 12 18:02:17 ip-172-31-22-70 systemd[1]: systemd-pstore.service - Platform Persistent Storage Archival was skipped because of an unmet condition check (ConditionDirectoryNotEmpty=/sys/fs/pstore).
May 12 18:02:17 ip-172-31-22-70 systemd[1]: Starting systemd-random-seed.service - Load/Save Random Seed...
May 12 18:02:17 ip-172-31-22-70 systemd[1]: systemd-sysusers.service - Create System Users was skipped because no trigger condition checks were met.
May 12 18:02:17 ip-172-31-22-70 systemd[1]: Starting systemd-tmpfiles-setup-dev.service - Create Static Device Nodes in /dev...
May 12 18:02:17 ip-172-31-22-70 systemd-journald[826]: Runtime Journal (/run/log/journal/ec2cd76a03723bbdb1268a12ff3cbb5f) is 2.2M, max 18.0M, 15.8M free.
May 12 18:02:17 ip-172-31-22-70 systemd-journald[826]: Received client request to flush runtime journal.
May 12 18:02:17 ip-172-31-22-70 systemd[1]: Finished systemd-random-seed.service - Load/Save Random Seed.
May 12 18:02:17 ip-172-31-22-70 audit[1]: SERVICE_START pid=1 uid=0 auid=4294967295 ses=4294967295 subj=system_u:system_r:init_t:s0 msg='unit=systemd-random-seed comm="systemd" exe="/usr/lib/systemd/systemd" hostname=? addr=? terminal=? res=success'
May 12 18:02:17 ip-172-31-22-70 systemd[1]: Finished systemd-journal-flush.service - Flush Journal to Persistent Storage.
May 12 18:02:17 ip-172-31-22-70 audit[1]: SERVICE_START pid=1 uid=0 auid=4294967295 ses=4294967295 subj=system_u:system_r:init_t:s0 msg='unit=systemd-journal-flush comm="systemd" exe="/usr/lib/systemd/systemd" hostname=? addr=? terminal=? res=success'
May 12 18:02:17 ip-172-31-22-70 systemd[1]: first-boot-complete.target - First Boot Complete was skipped because of an unmet condition check (ConditionFirstBoot=yes).
May 12 18:02:17 ip-172-31-22-70 systemd[1]: Finished systemd-tmpfiles-setup-dev.service - Create Static Device Nodes in /dev.
May 12 18:02:17 ip-172-31-22-70 audit[1]: SERVICE_START pid=1 uid=0 auid=4294967295 ses=4294967295 subj=system_u:system_r:init_t:s0 msg='unit=systemd-tmpfiles-setup-dev comm="systemd" exe="/usr/lib/systemd/systemd" hostname=? addr=? terminal=? res=success'
May 12 18:02:17 ip-172-31-22-70 systemd[1]: Reached target local-fs-pre.target - Preparation for Local File Systems.
May 12 18:02:17 ip-172-31-22-70 systemd[1]: Set up automount boot-efi.automount.
May 12 18:02:17 ip-172-31-22-70 systemd[1]: Reached target local-fs.target - Local File Systems.
May 12 18:02:17 ip-172-31-22-70 systemd[1]: import-state.service - Import network configuration from initramfs was skipped because of an unmet condition check (ConditionDirectoryNotEmpty=/run/initramfs/state).
May 12 18:02:17 ip-172-31-22-70 systemd[1]: ldconfig.service - Rebuild Dynamic Linker Cache was skipped because no trigger condition checks were met.
May 12 18:02:17 ip-172-31-22-70 systemd[1]: selinux-autorelabel-mark.service - Mark the need to relabel after reboot was skipped because of an unmet condition check (ConditionSecurity=!selinux).
May 12 18:02:17 ip-172-31-22-70 systemd[1]: systemd-binfmt.service - Set Up Additional Binary Formats was skipped because no trigger condition checks were met.
May 12 18:02:17 ip-172-31-22-70 systemd[1]: systemd-boot-system-token.service - Store a System Token in an EFI Variable was skipped because of an unmet condition check (ConditionPathExists=/sys/firmware/efi/efivars/LoaderFeatures-4a67b082-0a4c-41cf-b6c7-440b29bb8c4f).
May 12 18:02:17 ip-172-31-22-70 systemd[1]: Starting systemd-boot-update.service - Automatic Boot Loader Update...
May 12 18:02:17 ip-172-31-22-70 systemd[1]: systemd-machine-id-commit.service - Commit a transient machine-id on disk was skipped because of an unmet condition check (ConditionPathIsMountPoint=/etc/machine-id).
May 12 18:02:17 ip-172-31-22-70 audit: BPF prog-id=37 op=LOAD
May 12 18:02:17 ip-172-31-22-70 audit: BPF prog-id=38 op=LOAD
May 12 18:02:17 ip-172-31-22-70 audit: BPF prog-id=6 op=UNLOAD
May 12 18:02:17 ip-172-31-22-70 audit: BPF prog-id=7 op=UNLOAD
May 12 18:02:17 ip-172-31-22-70 systemd[1]: Starting systemd-tmpfiles-setup.service - Create Volatile Files and Directories...
May 12 18:02:17 ip-172-31-22-70 systemd[1]: Starting systemd-udevd.service - Rule-based Manager for Device Events and Files...
May 12 18:02:17 ip-172-31-22-70 systemd[1]: boot-efi.automount: Got automount request for /boot/efi, triggered by 1234 (bootctl)
May 12 18:02:17 ip-172-31-22-70 systemd[1]: Created slice system-systemd\x2dfsck.slice - Slice /system/systemd-fsck.
May 12 18:02:17 ip-172-31-22-70 systemd[1]: Expecting device dev-disk-by\x2duuid-DED7\x2dC018.device - /dev/disk/by-uuid/DED7-C018...
May 12 18:02:17 ip-172-31-22-70 systemd-udevd[1236]: Using default interface naming scheme 'v252'.
May 12 18:02:17 ip-172-31-22-70 audit[1]: SERVICE_START pid=1 uid=0 auid=4294967295 ses=4294967295 subj=system_u:system_r:init_t:s0 msg='unit=systemd-tmpfiles-setup comm="systemd" exe="/usr/lib/systemd/systemd" hostname=? addr=? terminal=? res=success'
May 12 18:02:17 ip-172-31-22-70 systemd[1]: Finished systemd-tmpfiles-setup.service - Create Volatile Files and Directories.
May 12 18:02:17 ip-172-31-22-70 systemd[1]: Started systemd-udevd.service - Rule-based Manager for Device Events and Files.
May 12 18:02:17 ip-172-31-22-70 audit[1]: SERVICE_START pid=1 uid=0 auid=4294967295 ses=4294967295 subj=system_u:system_r:init_t:s0 msg='unit=systemd-udevd comm="systemd" exe="/usr/lib/systemd/systemd" hostname=? addr=? terminal=? res=success'
May 12 18:02:17 ip-172-31-22-70 kernel: kauditd_printk_skb: 114 callbacks suppressed
May 12 18:02:17 ip-172-31-22-70 kernel: audit: type=1130 audit(1747072937.479:123): pid=1 uid=0 auid=4294967295 ses=4294967295 subj=system_u:system_r:init_t:s0 msg='unit=systemd-tmpfiles-setup comm="systemd" exe="/usr/lib/systemd/systemd" hostname=? addr=? terminal=? res=success'
May 12 18:02:17 ip-172-31-22-70 kernel: audit: type=1130 audit(1747072937.479:124): pid=1 uid=0 auid=4294967295 ses=4294967295 subj=system_u:system_r:init_t:s0 msg='unit=systemd-udevd comm="systemd" exe="/usr/lib/systemd/systemd" hostname=? addr=? terminal=? res=success'
May 12 18:02:17 ip-172-31-22-70 audit: BPF prog-id=39 op=LOAD
May 12 18:02:17 ip-172-31-22-70 systemd[1]: Starting auditd.service - Security Auditing Service...
May 12 18:02:17 ip-172-31-22-70 systemd[1]: systemd-journal-catalog-update.service - Rebuild Journal Catalog was skipped because of an unmet condition check (ConditionNeedsUpdate=/var).
May 12 18:02:17 ip-172-31-22-70 systemd[1]: Starting systemd-resolved.service - Network Name Resolution...
May 12 18:02:17 ip-172-31-22-70 kernel: audit: type=1334 audit(1747072937.499:125): prog-id=39 op=LOAD
May 12 18:02:17 ip-172-31-22-70 systemd[1]: Condition check resulted in dev-ttyS0.device - /dev/ttyS0 being skipped.
May 12 18:02:17 ip-172-31-22-70 systemd-resolved[1257]: Positive Trust Anchors:
May 12 18:02:17 ip-172-31-22-70 systemd-resolved[1257]: . IN DS 20326 8 2 e06d44b80b8f1d39a95c0b0d7c65d08458e880409bbc683457104237c7f8ec8d
May 12 18:02:17 ip-172-31-22-70 systemd-resolved[1257]: Negative trust anchors: home.arpa 10.in-addr.arpa 16.172.in-addr.arpa 17.172.in-addr.arpa 18.172.in-addr.arpa 19.172.in-addr.arpa 20.172.in-addr.arpa 21.172.in-addr.arpa 22.172.in-addr.arpa 23.172.in-addr.arpa 24.172.in-addr.arpa 25.172.in-addr.arpa 26.172.in-addr.arpa 27.172.in-addr.arpa 28.172.in-addr.arpa 29.172.in-addr.arpa 30.172.in-addr.arpa 31.172.in-addr.arpa 168.192.in-addr.arpa d.f.ip6.arpa corp home internal intranet lan local private test
May 12 18:02:17 ip-172-31-22-70 kernel: audit: type=1400 audit(1747072937.579:126): avc:  denied  { setattr } for  pid=1261 comm="auditd" name="audit" dev="nvme0n1p1" ino=3183732 scontext=system_u:system_r:auditd_t:s0 tcontext=system_u:object_r:var_log_t:s0 tclass=dir permissive=1
May 12 18:02:17 ip-172-31-22-70 kernel: audit: type=1300 audit(1747072937.579:126): arch=c000003e syscall=90 success=yes exit=0 a0=55b1a8624990 a1=1c0 a2=55b1a862499e a3=1a4 items=0 ppid=1254 pid=1261 auid=4294967295 uid=0 gid=0 euid=0 suid=0 fsuid=0 egid=0 sgid=0 fsgid=0 tty=(none) ses=4294967295 comm="auditd" exe="/usr/sbin/auditd" subj=system_u:system_r:auditd_t:s0 key=(null)
May 12 18:02:17 ip-172-31-22-70 audit[1261]: AVC avc:  denied  { setattr } for  pid=1261 comm="auditd" name="audit" dev="nvme0n1p1" ino=3183732 scontext=system_u:system_r:auditd_t:s0 tcontext=system_u:object_r:var_log_t:s0 tclass=dir permissive=1
May 12 18:02:17 ip-172-31-22-70 audit[1261]: SYSCALL arch=c000003e syscall=90 success=yes exit=0 a0=55b1a8624990 a1=1c0 a2=55b1a862499e a3=1a4 items=0 ppid=1254 pid=1261 auid=4294967295 uid=0 gid=0 euid=0 suid=0 fsuid=0 egid=0 sgid=0 fsgid=0 tty=(none) ses=4294967295 comm="auditd" exe="/usr/sbin/auditd" subj=system_u:system_r:auditd_t:s0 key=(null)
May 12 18:02:17 ip-172-31-22-70 audit: PROCTITLE proctitle="/sbin/auditd"
May 12 18:02:17 ip-172-31-22-70 audit[1261]: AVC avc:  denied  { create } for  pid=1261 comm="auditd" name="audit.log" scontext=system_u:system_r:auditd_t:s0 tcontext=system_u:object_r:var_log_t:s0 tclass=file permissive=1
May 12 18:02:17 ip-172-31-22-70 auditd[1261]: No plugins found, not dispatching events
May 12 18:02:17 ip-172-31-22-70 kernel: input: Power Button as /devices/LNXSYSTM:00/LNXPWRBN:00/input/input0
May 12 18:02:17 ip-172-31-22-70 kernel: audit: type=1327 audit(1747072937.579:126): proctitle="/sbin/auditd"
May 12 18:02:17 ip-172-31-22-70 kernel: audit: type=1400 audit(1747072937.589:127): avc:  denied  { create } for  pid=1261 comm="auditd" name="audit.log" scontext=system_u:system_r:auditd_t:s0 tcontext=system_u:object_r:var_log_t:s0 tclass=file permissive=1
May 12 18:02:17 ip-172-31-22-70 kernel: audit: type=1400 audit(1747072937.589:127): avc:  denied  { read open } for  pid=1261 comm="auditd" path="/var/log/audit/audit.log" dev="nvme0n1p1" ino=2896332 scontext=system_u:system_r:auditd_t:s0 tcontext=system_u:object_r:var_log_t:s0 tclass=file permissive=1
May 12 18:02:17 ip-172-31-22-70 kernel: audit: type=1300 audit(1747072937.589:127): arch=c000003e syscall=257 success=yes exit=5 a0=ffffff9c a1=55b1a8624900 a2=4c0 a3=1a0 items=4 ppid=1254 pid=1261 auid=4294967295 uid=0 gid=0 euid=0 suid=0 fsuid=0 egid=0 sgid=0 fsgid=0 tty=(none) ses=4294967295 comm="auditd" exe="/usr/sbin/auditd" subj=system_u:system_r:auditd_t:s0 key=(null)
May 12 18:02:17 ip-172-31-22-70 kernel: audit: type=1307 audit(1747072937.589:127): cwd="/"
May 12 18:02:17 ip-172-31-22-70 audit[1261]: AVC avc:  denied  { read open } for  pid=1261 comm="auditd" path="/var/log/audit/audit.log" dev="nvme0n1p1" ino=2896332 scontext=system_u:system_r:auditd_t:s0 tcontext=system_u:object_r:var_log_t:s0 tclass=file permissive=1
May 12 18:02:17 ip-172-31-22-70 audit[1261]: SYSCALL arch=c000003e syscall=257 success=yes exit=5 a0=ffffff9c a1=55b1a8624900 a2=4c0 a3=1a0 items=4 ppid=1254 pid=1261 auid=4294967295 uid=0 gid=0 euid=0 suid=0 fsuid=0 egid=0 sgid=0 fsgid=0 tty=(none) ses=4294967295 comm="auditd" exe="/usr/sbin/auditd" subj=system_u:system_r:auditd_t:s0 key=(null)
May 12 18:02:17 ip-172-31-22-70 audit: CWD cwd="/"
May 12 18:02:17 ip-172-31-22-70 audit: PATH item=0 name=(null) inode=3183732 dev=103:01 mode=040700 ouid=0 ogid=0 rdev=00:00 obj=system_u:object_r:var_log_t:s0 nametype=PARENT cap_fp=0 cap_fi=0 cap_fe=0 cap_fver=0 cap_frootid=0
May 12 18:02:17 ip-172-31-22-70 audit: PATH item=1 name=(null) nametype=CREATE cap_fp=0 cap_fi=0 cap_fe=0 cap_fver=0 cap_frootid=0
May 12 18:02:17 ip-172-31-22-70 audit: PATH item=2 name=(null) inode=3183732 dev=103:01 mode=040700 ouid=0 ogid=0 rdev=00:00 obj=system_u:object_r:var_log_t:s0 nametype=PARENT cap_fp=0 cap_fi=0 cap_fe=0 cap_fver=0 cap_frootid=0
May 12 18:02:17 ip-172-31-22-70 audit: PATH item=3 name=(null) inode=2896332 dev=103:01 mode=0100640 ouid=0 ogid=0 rdev=00:00 obj=system_u:object_r:var_log_t:s0 nametype=CREATE cap_fp=0 cap_fi=0 cap_fe=0 cap_fver=0 cap_frootid=0
May 12 18:02:17 ip-172-31-22-70 audit: PROCTITLE proctitle="/sbin/auditd"
May 12 18:02:17 ip-172-31-22-70 audit[1261]: AVC avc:  denied  { setattr } for  pid=1261 comm="auditd" name="audit.log" dev="nvme0n1p1" ino=2896332 scontext=system_u:system_r:auditd_t:s0 tcontext=system_u:object_r:var_log_t:s0 tclass=file permissive=1
May 12 18:02:17 ip-172-31-22-70 audit[1261]: SYSCALL arch=c000003e syscall=91 success=yes exit=0 a0=5 a1=180 a2=0 a3=0 items=0 ppid=1254 pid=1261 auid=4294967295 uid=0 gid=0 euid=0 suid=0 fsuid=0 egid=0 sgid=0 fsgid=0 tty=(none) ses=4294967295 comm="auditd" exe="/usr/sbin/auditd" subj=system_u:system_r:auditd_t:s0 key=(null)
May 12 18:02:17 ip-172-31-22-70 audit: PROCTITLE proctitle="/sbin/auditd"
May 12 18:02:17 ip-172-31-22-70 audit[1261]: AVC avc:  denied  { read } for  pid=1261 comm="auditd" name="audit.log" dev="nvme0n1p1" ino=2896332 scontext=system_u:system_r:auditd_t:s0 tcontext=system_u:object_r:var_log_t:s0 tclass=file permissive=1
May 12 18:02:17 ip-172-31-22-70 audit[1261]: AVC avc:  denied  { open } for  pid=1261 comm="auditd" path="/var/log/audit/audit.log" dev="nvme0n1p1" ino=2896332 scontext=system_u:system_r:auditd_t:s0 tcontext=system_u:object_r:var_log_t:s0 tclass=file permissive=1
May 12 18:02:17 ip-172-31-22-70 audit[1261]: SYSCALL arch=c000003e syscall=257 success=yes exit=10 a0=ffffff9c a1=7ffedbbed46b a2=0 a3=0 items=0 ppid=1254 pid=1261 auid=4294967295 uid=0 gid=0 euid=0 suid=0 fsuid=0 egid=0 sgid=0 fsgid=0 tty=(none) ses=4294967295 comm="auditd" exe="/usr/sbin/auditd" subj=system_u:system_r:auditd_t:s0 key=(null)
May 12 18:02:17 ip-172-31-22-70 audit: PROCTITLE proctitle="/sbin/auditd"
May 12 18:02:17 ip-172-31-22-70 systemd[1]: Mounting var-lib-nfs-rpc_pipefs.mount - RPC Pipe File System...
May 12 18:02:17 ip-172-31-22-70 audit: CONFIG_CHANGE op=set audit_enabled=1 old=1 auid=4294967295 ses=4294967295 subj=system_u:system_r:auditd_t:s0 res=1
May 12 18:02:17 ip-172-31-22-70 audit[1261]: SYSCALL arch=c000003e syscall=44 success=yes exit=60 a0=3 a1=7ffedbbe90c0 a2=3c a3=0 items=0 ppid=1254 pid=1261 auid=4294967295 uid=0 gid=0 euid=0 suid=0 fsuid=0 egid=0 sgid=0 fsgid=0 tty=(none) ses=4294967295 comm="auditd" exe="/usr/sbin/auditd" subj=system_u:system_r:auditd_t:s0 key=(null)
May 12 18:02:17 ip-172-31-22-70 audit: PROCTITLE proctitle="/sbin/auditd"
May 12 18:02:17 ip-172-31-22-70 audit: CONFIG_CHANGE op=set audit_pid=1261 old=0 auid=4294967295 ses=4294967295 subj=system_u:system_r:auditd_t:s0 res=1
May 12 18:02:17 ip-172-31-22-70 audit[1261]: SYSCALL arch=c000003e syscall=44 success=yes exit=60 a0=3 a1=7ffedbbe6d70 a2=3c a3=0 items=0 ppid=1254 pid=1261 auid=4294967295 uid=0 gid=0 euid=0 suid=0 fsuid=0 egid=0 sgid=0 fsgid=0 tty=(none) ses=4294967295 comm="auditd" exe="/usr/sbin/auditd" subj=system_u:system_r:auditd_t:s0 key=(null)
May 12 18:02:17 ip-172-31-22-70 audit: PROCTITLE proctitle="/sbin/auditd"
May 12 18:02:17 ip-172-31-22-70 auditd[1261]: Init complete, auditd 3.0.6 listening for events (startup state enable)
May 12 18:02:17 ip-172-31-22-70 kernel: i8042: PNP: PS/2 Controller [PNP0303:KBD,PNP0f13:MOU] at 0x60,0x64 irq 1,12
May 12 18:02:17 ip-172-31-22-70 kernel: i8042: Warning: Keylock active
May 12 18:02:17 ip-172-31-22-70 kernel: serio: i8042 KBD port at 0x60,0x64 irq 1
May 12 18:02:17 ip-172-31-22-70 kernel: serio: i8042 AUX port at 0x60,0x64 irq 12
May 12 18:02:17 ip-172-31-22-70 kernel: ACPI: button: Power Button [PWRF]
May 12 18:02:17 ip-172-31-22-70 kernel: input: Sleep Button as /devices/LNXSYSTM:00/LNXSLPBN:00/input/input1
May 12 18:02:17 ip-172-31-22-70 kernel: ACPI: button: Sleep Button [SLPF]
May 12 18:02:17 ip-172-31-22-70 augenrules[1270]: /sbin/augenrules: No change
May 12 18:02:17 ip-172-31-22-70 systemd-resolved[1257]: Using system hostname 'ip-172-31-22-70.us-east-2.compute.internal'.
May 12 18:02:17 ip-172-31-22-70 kernel: RPC: Registered named UNIX socket transport module.
May 12 18:02:17 ip-172-31-22-70 kernel: RPC: Registered udp transport module.
May 12 18:02:17 ip-172-31-22-70 kernel: RPC: Registered tcp transport module.
May 12 18:02:17 ip-172-31-22-70 kernel: RPC: Registered tcp NFSv4.1 backchannel transport module.
May 12 18:02:17 ip-172-31-22-70 audit[1]: SERVICE_START pid=1 uid=0 auid=4294967295 ses=4294967295 subj=system_u:system_r:init_t:s0 msg='unit=systemd-resolved comm="systemd" exe="/usr/lib/systemd/systemd" hostname=? addr=? terminal=? res=success'
May 12 18:02:17 ip-172-31-22-70 systemd[1]: Started systemd-resolved.service - Network Name Resolution.
May 12 18:02:17 ip-172-31-22-70 systemd[1]: Reached target nss-lookup.target - Host and Network Name Lookups.
May 12 18:02:17 ip-172-31-22-70 systemd[1]: Mounted var-lib-nfs-rpc_pipefs.mount - RPC Pipe File System.
May 12 18:02:17 ip-172-31-22-70 systemd[1]: Reached target rpc_pipefs.target.
